Class 5 02/05/2025

touch filename  ====> This command will create a empty file

mkdir -p directory/directory/directory ====> This command create directory progresively
mkdir directory directory directory ====> This command create specifed directories parelally

mv source destination ====> This command will cut the source and paste in destination
mv oldname newname ====> This command will rename the old file to new name

head filename ====> This command will show top 10 lines of the file
head -n filename ====> This command will show specifed lines of the file from the top (-n number)
tail filename ====> This command will show bottom 10 lines of the file
tail -n filename ====> This command will show specifed lines of the file from the bottom (-n number)

more filename ====> Large sized file we can page wise (Spacebar), Line wise (Enter)
less filename ====> Large sized file we can page wise (Spacebar), Line wise (Enter), need to hit "q" to cameout

grep -i searchword filename   =====> this command is used search a word from the file and provide the output with search word lines
grep -C 3 searchword filename  =====> this command is used search a word from the file and provide the output with search word lines along with before and after specified lines
grep -B 3 searchword filename  =====> this command is used search a word from the file and provide the output with search word lines along with before specified lines
grep -A 3 searchword filename  =====> this command is used search a word from the file and provide the output with search word lines along with after specified lines
grep -v searchword filename  =====> this command is used search a word from the file and provide the output without search word lines

find / -name filename  ====> this command will help you to find the specified file with name


Class Putty Output:
===================

Network error: Connection timed out

----------------------------------------------------------------------------------------------------------------------------------------------------

Session stopped
    - Press <Return> to exit tab
    - Press R to restart session
    - Press S to save terminal output to file
login as: root
    +----------------------------------------------------------------------+
    ¦                 • MobaXterm Personal Edition v24.2 •                 ¦
    ¦               (SSH client, X server and network tools)               ¦
    ¦                                                                      ¦
    ¦ ? SSH session to root@192.168.29.176                                 ¦
    ¦   • Direct SSH      :  ?                                             ¦
    ¦   • SSH compression :  ?                                             ¦
    ¦   • SSH-browser     :  ?                                             ¦
    ¦   • X11-forwarding  :  ?  (disabled or not supported by server)      ¦
    ¦                                                                      ¦
    ¦ ? For more info, ctrl+click on help or visit our website.            ¦
    +----------------------------------------------------------------------+

Last login: Thu May  1 18:58:25 2025 from 192.168.29.79
[root@gvnkansiblesrv ~]#
[root@gvnkansiblesrv ~]#
[root@gvnkansiblesrv ~]# cd /tmp/
[root@gvnkansiblesrv tmp]#
[root@gvnkansiblesrv tmp]#
[root@gvnkansiblesrv tmp]# ls -l
total 20
-rw-r--r-- 1 root   root    89 Apr 29 21:14 file1
-rw-r--r-- 1 root   root    74 Apr 29 21:14 file2
-rw-r--r-- 1 root   root    74 Apr 29 21:18 file3
-rw-r--r-- 1 root   root    74 Apr 29 21:19 file3.bkp
drwxr-xr-x 3 root   root    18 May 29  2024 ganaimp
drwxr-xr-x 3 root   root    18 May 29  2024 gvnk
drwxr-xr-x 4 root   root    42 May 29  2024 gvnkch
drwxr-xr-x 2 tomcat tomcat  18 May  2 19:48 hsperfdata_tomcat
drwxr-xr-x 2 root   root    20 May  1 20:18 imran
dr-xr-xr-x 3 root   root   106 May 29  2024 kumar
-rw-r--r-- 1 root   root   178 Apr 29 21:22 srvinfo
drwx------ 3 root   root    17 May  2 19:48 systemd-private-6d271e6b6fdf4b699610d6494adf0048-httpd.service-VdDzjk
drwx------ 3 root   root    17 May  2 19:47 systemd-private-6d271e6b6fdf4b699610d6494adf0048-vgauthd.service-aYVyM3
drwx------ 3 root   root    17 May  2 19:47 systemd-private-6d271e6b6fdf4b699610d6494adf0048-vmtoolsd.service-n7gVR6
[root@gvnkansiblesrv tmp]#
[root@gvnkansiblesrv tmp]#
[root@gvnkansiblesrv tmp]#
[root@gvnkansiblesrv tmp]#
[root@gvnkansiblesrv tmp]#
[root@gvnkansiblesrv tmp]# touch file33
[root@gvnkansiblesrv tmp]# ls -l
total 20
-rw-r--r-- 1 root   root    89 Apr 29 21:14 file1
-rw-r--r-- 1 root   root    74 Apr 29 21:14 file2
-rw-r--r-- 1 root   root    74 Apr 29 21:18 file3
-rw-r--r-- 1 root   root     0 May  2 19:52 file33
-rw-r--r-- 1 root   root    74 Apr 29 21:19 file3.bkp
drwxr-xr-x 3 root   root    18 May 29  2024 ganaimp
drwxr-xr-x 3 root   root    18 May 29  2024 gvnk
drwxr-xr-x 4 root   root    42 May 29  2024 gvnkch
drwxr-xr-x 2 tomcat tomcat  18 May  2 19:48 hsperfdata_tomcat
drwxr-xr-x 2 root   root    20 May  1 20:18 imran
dr-xr-xr-x 3 root   root   106 May 29  2024 kumar
-rw-r--r-- 1 root   root   178 Apr 29 21:22 srvinfo
drwx------ 3 root   root    17 May  2 19:48 systemd-private-6d271e6b6fdf4b699610d6494adf0048-httpd.service-VdDzjk
drwx------ 3 root   root    17 May  2 19:47 systemd-private-6d271e6b6fdf4b699610d6494adf0048-vgauthd.service-aYVyM3
drwx------ 3 root   root    17 May  2 19:47 systemd-private-6d271e6b6fdf4b699610d6494adf0048-vmtoolsd.service-n7gVR6
[root@gvnkansiblesrv tmp]# cat file33
[root@gvnkansiblesrv tmp]#
[root@gvnkansiblesrv tmp]#
[root@gvnkansiblesrv tmp]# cat > file34
jhcbdicsb
[root@gvnkansiblesrv tmp]# ls -l
total 24
-rw-r--r-- 1 root   root    89 Apr 29 21:14 file1
-rw-r--r-- 1 root   root    74 Apr 29 21:14 file2
-rw-r--r-- 1 root   root    74 Apr 29 21:18 file3
-rw-r--r-- 1 root   root     0 May  2 19:52 file33
-rw-r--r-- 1 root   root    10 May  2 19:52 file34
-rw-r--r-- 1 root   root    74 Apr 29 21:19 file3.bkp
drwxr-xr-x 3 root   root    18 May 29  2024 ganaimp
drwxr-xr-x 3 root   root    18 May 29  2024 gvnk
drwxr-xr-x 4 root   root    42 May 29  2024 gvnkch
drwxr-xr-x 2 tomcat tomcat  18 May  2 19:48 hsperfdata_tomcat
drwxr-xr-x 2 root   root    20 May  1 20:18 imran
dr-xr-xr-x 3 root   root   106 May 29  2024 kumar
-rw-r--r-- 1 root   root   178 Apr 29 21:22 srvinfo
drwx------ 3 root   root    17 May  2 19:48 systemd-private-6d271e6b6fdf4b699610d6494adf0048-httpd.service-VdDzjk
drwx------ 3 root   root    17 May  2 19:47 systemd-private-6d271e6b6fdf4b699610d6494adf0048-vgauthd.service-aYVyM3
drwx------ 3 root   root    17 May  2 19:47 systemd-private-6d271e6b6fdf4b699610d6494adf0048-vmtoolsd.service-n7gVR6
[root@gvnkansiblesrv tmp]#
[root@gvnkansiblesrv tmp]#
[root@gvnkansiblesrv tmp]#
[root@gvnkansiblesrv tmp]#
[root@gvnkansiblesrv tmp]# cd imran/
[root@gvnkansiblesrv imran]# ls -lrt
total 4
-rw-r--r-- 1 root root 39 May  1 20:18 file55
[root@gvnkansiblesrv imran]#
[root@gvnkansiblesrv imran]#
[root@gvnkansiblesrv imran]#
[root@gvnkansiblesrv imran]#
[root@gvnkansiblesrv imran]# mkdir SRH DC KKR CSK
[root@gvnkansiblesrv imran]# ls -l
total 4
drwxr-xr-x 2 root root  6 May  2 19:54 CSK
drwxr-xr-x 2 root root  6 May  2 19:54 DC
-rw-r--r-- 1 root root 39 May  1 20:18 file55
drwxr-xr-x 2 root root  6 May  2 19:54 KKR
drwxr-xr-x 2 root root  6 May  2 19:54 SRH
[root@gvnkansiblesrv imran]#
[root@gvnkansiblesrv imran]#
[root@gvnkansiblesrv imran]#  pwd
/tmp/imran
[root@gvnkansiblesrv imran]#
[root@gvnkansiblesrv imran]# oracle/grid/product
-bash: oracle/grid/product: No such file or directory
[root@gvnkansiblesrv imran]#
[root@gvnkansiblesrv imran]#
[root@gvnkansiblesrv imran]#
[root@gvnkansiblesrv imran]# ls
CSK  DC  file55  KKR  SRH
[root@gvnkansiblesrv imran]# mkdir oracle
[root@gvnkansiblesrv imran]# cd oracle/
[root@gvnkansiblesrv oracle]# ls -l
total 0
[root@gvnkansiblesrv oracle]# mkdir grid
[root@gvnkansiblesrv oracle]# cd grid/
[root@gvnkansiblesrv grid]# mkdir product
[root@gvnkansiblesrv grid]# pwd
/tmp/imran/oracle/grid
[root@gvnkansiblesrv grid]# ls -l
total 0
drwxr-xr-x 2 root root 6 May  2 19:55 product
[root@gvnkansiblesrv grid]# cd product/
[root@gvnkansiblesrv product]# pwd
/tmp/imran/oracle/grid/product
[root@gvnkansiblesrv product]#
[root@gvnkansiblesrv product]# cd /tmp/imran/
[root@gvnkansiblesrv imran]# ls -l
total 4
drwxr-xr-x 2 root root  6 May  2 19:54 CSK
drwxr-xr-x 2 root root  6 May  2 19:54 DC
-rw-r--r-- 1 root root 39 May  1 20:18 file55
drwxr-xr-x 2 root root  6 May  2 19:54 KKR
drwxr-xr-x 3 root root 18 May  2 19:55 oracle
drwxr-xr-x 2 root root  6 May  2 19:54 SRH
[root@gvnkansiblesrv imran]#
[root@gvnkansiblesrv imran]# rm -rf oracle
[root@gvnkansiblesrv imran]#
[root@gvnkansiblesrv imran]# ls -l
total 4
drwxr-xr-x 2 root root  6 May  2 19:54 CSK
drwxr-xr-x 2 root root  6 May  2 19:54 DC
-rw-r--r-- 1 root root 39 May  1 20:18 file55
drwxr-xr-x 2 root root  6 May  2 19:54 KKR
drwxr-xr-x 2 root root  6 May  2 19:54 SRH
[root@gvnkansiblesrv imran]#
[root@gvnkansiblesrv imran]#
[root@gvnkansiblesrv imran]#
[root@gvnkansiblesrv imran]# mkdir -p oracle/grid/product
[root@gvnkansiblesrv imran]# ls -l
total 4
drwxr-xr-x 2 root root  6 May  2 19:54 CSK
drwxr-xr-x 2 root root  6 May  2 19:54 DC
-rw-r--r-- 1 root root 39 May  1 20:18 file55
drwxr-xr-x 2 root root  6 May  2 19:54 KKR
drwxr-xr-x 3 root root 18 May  2 19:57 oracle
drwxr-xr-x 2 root root  6 May  2 19:54 SRH
[root@gvnkansiblesrv imran]#
[root@gvnkansiblesrv imran]# cd oracle
[root@gvnkansiblesrv oracle]# ls -l
total 0
drwxr-xr-x 3 root root 21 May  2 19:57 grid
[root@gvnkansiblesrv oracle]# cd grid
[root@gvnkansiblesrv grid]# ls -l
total 0
drwxr-xr-x 2 root root 6 May  2 19:57 product
[root@gvnkansiblesrv grid]#
[root@gvnkansiblesrv grid]# cd product/
[root@gvnkansiblesrv product]# ls -l
total 0
[root@gvnkansiblesrv product]#
[root@gvnkansiblesrv product]# pwd
/tmp/imran/oracle/grid/product
[root@gvnkansiblesrv product]#
[root@gvnkansiblesrv product]#
[root@gvnkansiblesrv product]#
[root@gvnkansiblesrv product]#
[root@gvnkansiblesrv product]#
[root@gvnkansiblesrv product]#
[root@gvnkansiblesrv product]# cd /tmp/imran/
[root@gvnkansiblesrv imran]# ls -l
total 4
drwxr-xr-x 2 root root  6 May  2 19:54 CSK
drwxr-xr-x 2 root root  6 May  2 19:54 DC
-rw-r--r-- 1 root root 39 May  1 20:18 file55
drwxr-xr-x 2 root root  6 May  2 19:54 KKR
drwxr-xr-x 3 root root 18 May  2 19:57 oracle
drwxr-xr-x 2 root root  6 May  2 19:54 SRH
[root@gvnkansiblesrv imran]#
[root@gvnkansiblesrv imran]#
[root@gvnkansiblesrv imran]# pwd
/tmp/imran
[root@gvnkansiblesrv imran]# mv /tmp/imran/SRH /tmp/imran/oracle/
[root@gvnkansiblesrv imran]# ls -l
total 4
drwxr-xr-x 2 root root  6 May  2 19:54 CSK
drwxr-xr-x 2 root root  6 May  2 19:54 DC
-rw-r--r-- 1 root root 39 May  1 20:18 file55
drwxr-xr-x 2 root root  6 May  2 19:54 KKR
drwxr-xr-x 4 root root 29 May  2 20:03 oracle
[root@gvnkansiblesrv imran]# cd oracle/
[root@gvnkansiblesrv oracle]# ls -l
total 0
drwxr-xr-x 3 root root 21 May  2 19:57 grid
drwxr-xr-x 2 root root  6 May  2 19:54 SRH
[root@gvnkansiblesrv oracle]#
[root@gvnkansiblesrv oracle]#
[root@gvnkansiblesrv oracle]# pwd
/tmp/imran/oracle
[root@gvnkansiblesrv oracle]#
[root@gvnkansiblesrv oracle]#
[root@gvnkansiblesrv oracle]# cd ..
[root@gvnkansiblesrv imran]#
[root@gvnkansiblesrv imran]#
[root@gvnkansiblesrv imran]#
[root@gvnkansiblesrv imran]# ls -l
total 4
drwxr-xr-x 2 root root  6 May  2 19:54 CSK
drwxr-xr-x 2 root root  6 May  2 19:54 DC
-rw-r--r-- 1 root root 39 May  1 20:18 file55
drwxr-xr-x 2 root root  6 May  2 19:54 KKR
drwxr-xr-x 4 root root 29 May  2 20:03 oracle
[root@gvnkansiblesrv imran]#
[root@gvnkansiblesrv imran]#
[root@gvnkansiblesrv imran]# mv KKR oracle
[root@gvnkansiblesrv imran]# ls -l
total 4
drwxr-xr-x 2 root root  6 May  2 19:54 CSK
drwxr-xr-x 2 root root  6 May  2 19:54 DC
-rw-r--r-- 1 root root 39 May  1 20:18 file55
drwxr-xr-x 5 root root 40 May  2 20:05 oracle
[root@gvnkansiblesrv imran]#
[root@gvnkansiblesrv imran]# cd oracle/
[root@gvnkansiblesrv oracle]# ls -l
total 0
drwxr-xr-x 3 root root 21 May  2 19:57 grid
drwxr-xr-x 2 root root  6 May  2 19:54 KKR
drwxr-xr-x 2 root root  6 May  2 19:54 SRH
[root@gvnkansiblesrv oracle]#
[root@gvnkansiblesrv oracle]# cd ..
[root@gvnkansiblesrv imran]#
[root@gvnkansiblesrv imran]# ls -l
total 4
drwxr-xr-x 2 root root  6 May  2 19:54 CSK
drwxr-xr-x 2 root root  6 May  2 19:54 DC
-rw-r--r-- 1 root root 39 May  1 20:18 file55
drwxr-xr-x 5 root root 40 May  2 20:05 oracle
[root@gvnkansiblesrv imran]#
[root@gvnkansiblesrv imran]# pwd
/tmp/imran
[root@gvnkansiblesrv imran]#
[root@gvnkansiblesrv imran]# ls -l
total 4
drwxr-xr-x 2 root root  6 May  2 19:54 CSK
drwxr-xr-x 2 root root  6 May  2 19:54 DC
-rw-r--r-- 1 root root 39 May  1 20:18 file55
drwxr-xr-x 5 root root 40 May  2 20:05 oracle
[root@gvnkansiblesrv imran]#
[root@gvnkansiblesrv imran]#
[root@gvnkansiblesrv imran]# mv oracle ORACLE
[root@gvnkansiblesrv imran]# ls -l
total 4
drwxr-xr-x 2 root root  6 May  2 19:54 CSK
drwxr-xr-x 2 root root  6 May  2 19:54 DC
-rw-r--r-- 1 root root 39 May  1 20:18 file55
drwxr-xr-x 5 root root 40 May  2 20:05 ORACLE
[root@gvnkansiblesrv imran]#
[root@gvnkansiblesrv imran]#
[root@gvnkansiblesrv imran]#
[root@gvnkansiblesrv imran]#
[root@gvnkansiblesrv imran]# cp /var/log/messages .
[root@gvnkansiblesrv imran]# ls -l
total 504
drwxr-xr-x 2 root root      6 May  2 19:54 CSK
drwxr-xr-x 2 root root      6 May  2 19:54 DC
-rw-r--r-- 1 root root     39 May  1 20:18 file55
-rw------- 1 root root 511640 May  2 20:08 messages
drwxr-xr-x 5 root root     40 May  2 20:05 ORACLE
[root@gvnkansiblesrv imran]#
[root@gvnkansiblesrv imran]#
[root@gvnkansiblesrv imran]#
[root@gvnkansiblesrv imran]# wc -l messages
5680 messages
[root@gvnkansiblesrv imran]#
[root@gvnkansiblesrv imran]#
[root@gvnkansiblesrv imran]#
[root@gvnkansiblesrv imran]#
[root@gvnkansiblesrv imran]#
[root@gvnkansiblesrv imran]# cat messages
Apr 29 21:17:03 gvnkansiblesrv rsyslogd: [origin software="rsyslogd" swVersion="8.24.0" x-pid="871" x-info="http://www.rsyslog.com"] rsyslogd was HUPed
Apr 29 21:17:11 gvnkansiblesrv rhsmd: In order for Subscription Manager to provide your system with updates, your system must be registered with the Customer Portal. Please enter your Red Hat login to ensure your system is up-to-date.
Apr 29 22:01:01 gvnkansiblesrv systemd: Started Session 5 of user root.
Apr 29 22:01:01 gvnkansiblesrv systemd: Starting Session 5 of user root.
Apr 29 22:29:16 gvnkansiblesrv systemd-logind: Removed session 2.
Apr 29 22:29:16 gvnkansiblesrv systemd-logind: Removed session 3.
Apr 29 22:29:28 gvnkansiblesrv systemd: Stopping LVM2 PV scan on device 8:2...
Apr 29 22:29:33 gvnkansiblesrv systemd: Stopping Session 1 of user root.
Apr 29 22:29:33 gvnkansiblesrv systemd: Stopped target Timers.
Apr 29 22:29:33 gvnkansiblesrv systemd: Stopping Timers.
Apr 29 22:29:34 gvnkansiblesrv systemd: Stopping Authorization Manager...
Apr 29 22:29:34 gvnkansiblesrv systemd: Stopped Daily Cleanup of Temporary Directories.
Apr 29 22:29:34 gvnkansiblesrv systemd: Stopping Daily Cleanup of Temporary Directories.
Apr 29 22:29:34 gvnkansiblesrv systemd: Stopped target Sound Card.
Apr 29 22:29:34 gvnkansiblesrv systemd: Stopping Sound Card.
Apr 29 22:29:35 gvnkansiblesrv systemd: Removed slice system-selinux\x2dpolicy\x2dmigrate\x2dlocal\x2dchanges.slice.
Apr 29 22:29:35 gvnkansiblesrv systemd: Stopping system-selinux\x2dpolicy\x2dmigrate\x2dlocal\x2dchanges.slice.
Apr 29 22:29:35 gvnkansiblesrv systemd: Stopped target Bluetooth.
Apr 29 22:29:35 gvnkansiblesrv systemd: Stopping Bluetooth.
Apr 29 22:29:35 gvnkansiblesrv systemd: Stopped target Multi-User System.
Apr 29 22:29:35 gvnkansiblesrv systemd: Stopping Multi-User System.
Apr 29 22:29:36 gvnkansiblesrv systemd: Stopping The Apache HTTP Server...
Apr 29 22:29:37 gvnkansiblesrv systemd: Stopping Dynamic System Tuning Daemon...
Apr 29 22:29:37 gvnkansiblesrv systemd: Stopping Postfix Mail Transport Agent...
Apr 29 22:29:38 gvnkansiblesrv systemd: Stopping OpenSSH server daemon...
Apr 29 22:29:39 gvnkansiblesrv systemd: Stopping Apache Tomcat Web Application Container...
Apr 29 22:29:40 gvnkansiblesrv systemd: Stopped target Login Prompts.
Apr 29 22:29:40 gvnkansiblesrv systemd: Stopping Login Prompts.
Apr 29 22:29:40 gvnkansiblesrv systemd: Stopping Getty on tty1...
Apr 29 22:29:41 gvnkansiblesrv systemd: Stopping Enable periodic update of entitlement certificates....
Apr 29 22:29:41 gvnkansiblesrv systemd: Stopping LSB: Starts the Spacewalk Daemon...
Apr 29 22:29:41 gvnkansiblesrv systemd: Stopped Dump dmesg to /var/log/dmesg.
Apr 29 22:29:42 gvnkansiblesrv systemd: Stopping Dump dmesg to /var/log/dmesg...
Apr 29 22:29:42 gvnkansiblesrv systemd: Stopping LVM2 PV scan on device 8:49...
Apr 29 22:29:42 gvnkansiblesrv systemd: Stopping Command Scheduler...
Apr 30 19:00:23 gvnkansiblesrv kernel: Initializing cgroup subsys cpuset
Apr 30 19:00:23 gvnkansiblesrv kernel: Initializing cgroup subsys cpu
Apr 30 19:00:23 gvnkansiblesrv kernel: Initializing cgroup subsys cpuacct
Apr 30 19:00:23 gvnkansiblesrv kernel: Linux version 3.10.0-693.17.1.el7.x86_64 (mockbuild@x86-041.build.eng.bos.redhat.com) (gcc version 4.8.5 20150623 (Red Hat 4.8.5-16) (GCC) ) #1 SMP Sun Jan 14 10:36:03 EST 2018
Apr 30 19:00:23 gvnkansiblesrv kernel: Command line: BOOT_IMAGE=/vmlinuz-3.10.0-693.17.1.el7.x86_64 root=/dev/mapper/rhel-root ro crashkernel=auto rd.lvm.lv=rhel/root rd.lvm.lv=rhel/swap rhgb quiet LANG=en_US.UTF-8
Apr 30 19:00:23 gvnkansiblesrv kernel: Disabled fast string operations
Apr 30 19:00:23 gvnkansiblesrv kernel: e820: BIOS-provided physical RAM map:
Apr 30 19:00:23 gvnkansiblesrv kernel: BIOS-e820: [mem 0x0000000000000000-0x000000000009e7ff] usable
Apr 30 19:00:23 gvnkansiblesrv kernel: BIOS-e820: [mem 0x000000000009e800-0x000000000009ffff] reserved
Apr 30 19:00:23 gvnkansiblesrv kernel: BIOS-e820: [mem 0x00000000000dc000-0x00000000000fffff] reserved
Apr 30 19:00:23 gvnkansiblesrv kernel: BIOS-e820: [mem 0x0000000000100000-0x000000001fedffff] usable
Apr 30 19:00:23 gvnkansiblesrv kernel: BIOS-e820: [mem 0x000000001fee0000-0x000000001fefefff] ACPI data
Apr 30 19:00:23 gvnkansiblesrv kernel: BIOS-e820: [mem 0x000000001feff000-0x000000001fefffff] ACPI NVS
Apr 30 19:00:23 gvnkansiblesrv kernel: BIOS-e820: [mem 0x000000001ff00000-0x000000001fffffff] usable
Apr 30 19:00:23 gvnkansiblesrv kernel: BIOS-e820: [mem 0x00000000f0000000-0x00000000f7ffffff] reserved
Apr 30 19:00:23 gvnkansiblesrv kernel: BIOS-e820: [mem 0x00000000fec00000-0x00000000fec0ffff] reserved
Apr 30 19:00:23 gvnkansiblesrv kernel: BIOS-e820: [mem 0x00000000fee00000-0x00000000fee00fff] reserved
Apr 30 19:00:23 gvnkansiblesrv kernel: BIOS-e820: [mem 0x00000000fffe0000-0x00000000ffffffff] reserved
Apr 30 19:00:23 gvnkansiblesrv kernel: NX (Execute Disable) protection: active
Apr 30 19:00:23 gvnkansiblesrv kernel: SMBIOS 2.7 present.
Apr 30 19:00:23 gvnkansiblesrv kernel: Hypervisor detected: VMware
Apr 30 19:00:23 gvnkansiblesrv kernel: e820: last_pfn = 0x20000 max_arch_pfn = 0x400000000
Apr 30 19:00:23 gvnkansiblesrv kernel: x86 PAT enabled: cpu 0, old 0x7040600070406, new 0x7010600070106
Apr 30 19:00:23 gvnkansiblesrv kernel: total RAM covered: 3072M
Apr 30 19:00:23 gvnkansiblesrv kernel: Found optimal setting for mtrr clean up
Apr 30 19:00:23 gvnkansiblesrv kernel: gran_size: 64K #011chunk_size: 64K #011num_reg: 2  #011lose cover RAM: 0G
Apr 30 19:00:23 gvnkansiblesrv kernel: found SMP MP-table at [mem 0x000f6a80-0x000f6a8f] mapped at [ffff8800000f6a80]
Apr 30 19:00:23 gvnkansiblesrv kernel: Using GB pages for direct mapping
Apr 30 19:00:23 gvnkansiblesrv kernel: RAMDISK: [mem 0x1df2c000-0x1f311fff]
Apr 30 19:00:23 gvnkansiblesrv kernel: Early table checksum verification disabled
Apr 30 19:00:23 gvnkansiblesrv kernel: ACPI: RSDP 00000000000f6a10 00024 (v02 PTLTD )
Apr 30 19:00:23 gvnkansiblesrv kernel: ACPI: XSDT 000000001feea633 0005C (v01 INTEL  440BX    06040000 VMW  01324272)
Apr 30 19:00:23 gvnkansiblesrv kernel: ACPI: FACP 000000001fefee73 000F4 (v04 INTEL  440BX    06040000 PTL  000F4240)
Apr 30 19:00:23 gvnkansiblesrv kernel: ACPI: DSDT 000000001feec0af 12DC4 (v01 PTLTD  Custom   06040000 MSFT 03000001)
Apr 30 19:00:23 gvnkansiblesrv kernel: ACPI: FACS 000000001fefffc0 00040
Apr 30 19:00:23 gvnkansiblesrv kernel: ACPI: BOOT 000000001feec087 00028 (v01 PTLTD  $SBFTBL$ 06040000  LTP 00000001)
Apr 30 19:00:23 gvnkansiblesrv kernel: ACPI: APIC 000000001feeb8bd 00742 (v01 PTLTD  ? APIC   06040000  LTP 00000000)
Apr 30 19:00:23 gvnkansiblesrv kernel: ACPI: MCFG 000000001feeb881 0003C (v01 PTLTD  $PCITBL$ 06040000  LTP 00000001)
Apr 30 19:00:23 gvnkansiblesrv kernel: ACPI: SRAT 000000001feea72f 008D0 (v02 VMWARE MEMPLUG  06040000 VMW  00000001)
Apr 30 19:00:23 gvnkansiblesrv kernel: ACPI: HPET 000000001feea6f7 00038 (v01 VMWARE VMW HPET 06040000 VMW  00000001)
Apr 30 19:00:23 gvnkansiblesrv kernel: ACPI: WAET 000000001feea6cf 00028 (v01 VMWARE VMW WAET 06040000 VMW  00000001)
Apr 30 19:00:23 gvnkansiblesrv kernel: Setting APIC routing to physical flat.
Apr 30 19:00:23 gvnkansiblesrv kernel: SRAT: PXM 0 -> APIC 0x00 -> Node 0
Apr 30 19:00:23 gvnkansiblesrv kernel: SRAT: PXM 0 -> APIC 0x02 -> Node 0
Apr 30 19:00:23 gvnkansiblesrv kernel: SRAT: PXM 0 -> APIC 0x04 -> Node 0
Apr 30 19:00:23 gvnkansiblesrv kernel: SRAT: PXM 0 -> APIC 0x06 -> Node 0
Apr 30 19:00:23 gvnkansiblesrv kernel: SRAT: PXM 0 -> APIC 0x08 -> Node 0
Apr 30 19:00:23 gvnkansiblesrv kernel: SRAT: PXM 0 -> APIC 0x0a -> Node 0
Apr 30 19:00:23 gvnkansiblesrv kernel: SRAT: PXM 0 -> APIC 0x0c -> Node 0
Apr 30 19:00:23 gvnkansiblesrv kernel: SRAT: PXM 0 -> APIC 0x0e -> Node 0
Apr 30 19:00:23 gvnkansiblesrv kernel: SRAT: PXM 0 -> APIC 0x10 -> Node 0
Apr 30 19:00:23 gvnkansiblesrv kernel: SRAT: PXM 0 -> APIC 0x12 -> Node 0
Apr 30 19:00:23 gvnkansiblesrv kernel: SRAT: PXM 0 -> APIC 0x14 -> Node 0
Apr 30 19:00:23 gvnkansiblesrv kernel: SRAT: PXM 0 -> APIC 0x16 -> Node 0
Apr 30 19:00:23 gvnkansiblesrv kernel: SRAT: PXM 0 -> APIC 0x18 -> Node 0
Apr 30 19:00:23 gvnkansiblesrv kernel: SRAT: PXM 0 -> APIC 0x1a -> Node 0
Apr 30 19:00:23 gvnkansiblesrv kernel: SRAT: PXM 0 -> APIC 0x1c -> Node 0
Apr 30 19:00:23 gvnkansiblesrv kernel: SRAT: PXM 0 -> APIC 0x1e -> Node 0
Apr 30 19:00:23 gvnkansiblesrv kernel: SRAT: PXM 0 -> APIC 0x20 -> Node 0
Apr 30 19:00:23 gvnkansiblesrv kernel: SRAT: PXM 0 -> APIC 0x22 -> Node 0
Apr 30 19:00:23 gvnkansiblesrv kernel: SRAT: PXM 0 -> APIC 0x24 -> Node 0
Apr 30 19:00:23 gvnkansiblesrv kernel: SRAT: PXM 0 -> APIC 0x26 -> Node 0
Apr 30 19:00:23 gvnkansiblesrv kernel: SRAT: PXM 0 -> APIC 0x28 -> Node 0
Apr 30 19:00:23 gvnkansiblesrv kernel: SRAT: PXM 0 -> APIC 0x2a -> Node 0
Apr 30 19:00:23 gvnkansiblesrv kernel: SRAT: PXM 0 -> APIC 0x2c -> Node 0
Apr 30 19:00:23 gvnkansiblesrv kernel: SRAT: PXM 0 -> APIC 0x2e -> Node 0
Apr 30 19:00:23 gvnkansiblesrv kernel: SRAT: PXM 0 -> APIC 0x30 -> Node 0
Apr 30 19:00:23 gvnkansiblesrv kernel: SRAT: PXM 0 -> APIC 0x32 -> Node 0
Apr 30 19:00:23 gvnkansiblesrv kernel: SRAT: PXM 0 -> APIC 0x34 -> Node 0
Apr 30 19:00:23 gvnkansiblesrv kernel: SRAT: PXM 0 -> APIC 0x36 -> Node 0
Apr 30 19:00:23 gvnkansiblesrv kernel: SRAT: PXM 0 -> APIC 0x38 -> Node 0
Apr 30 19:00:23 gvnkansiblesrv kernel: SRAT: PXM 0 -> APIC 0x3a -> Node 0
Apr 30 19:00:23 gvnkansiblesrv kernel: SRAT: PXM 0 -> APIC 0x3c -> Node 0
Apr 30 19:00:23 gvnkansiblesrv kernel: SRAT: PXM 0 -> APIC 0x3e -> Node 0
Apr 30 19:00:23 gvnkansiblesrv kernel: SRAT: PXM 0 -> APIC 0x40 -> Node 0
Apr 30 19:00:23 gvnkansiblesrv kernel: SRAT: PXM 0 -> APIC 0x42 -> Node 0
Apr 30 19:00:23 gvnkansiblesrv kernel: SRAT: PXM 0 -> APIC 0x44 -> Node 0
Apr 30 19:00:23 gvnkansiblesrv kernel: SRAT: PXM 0 -> APIC 0x46 -> Node 0
Apr 30 19:00:23 gvnkansiblesrv kernel: SRAT: PXM 0 -> APIC 0x48 -> Node 0
Apr 30 19:00:23 gvnkansiblesrv kernel: SRAT: PXM 0 -> APIC 0x4a -> Node 0
Apr 30 19:00:23 gvnkansiblesrv kernel: SRAT: PXM 0 -> APIC 0x4c -> Node 0
Apr 30 19:00:23 gvnkansiblesrv kernel: SRAT: PXM 0 -> APIC 0x4e -> Node 0
Apr 30 19:00:23 gvnkansiblesrv kernel: SRAT: PXM 0 -> APIC 0x50 -> Node 0
Apr 30 19:00:23 gvnkansiblesrv kernel: SRAT: PXM 0 -> APIC 0x52 -> Node 0
Apr 30 19:00:23 gvnkansiblesrv kernel: SRAT: PXM 0 -> APIC 0x54 -> Node 0
Apr 30 19:00:23 gvnkansiblesrv kernel: SRAT: PXM 0 -> APIC 0x56 -> Node 0
Apr 30 19:00:23 gvnkansiblesrv kernel: SRAT: PXM 0 -> APIC 0x58 -> Node 0
Apr 30 19:00:23 gvnkansiblesrv kernel: SRAT: PXM 0 -> APIC 0x5a -> Node 0
Apr 30 19:00:23 gvnkansiblesrv kernel: SRAT: PXM 0 -> APIC 0x5c -> Node 0
Apr 30 19:00:23 gvnkansiblesrv kernel: SRAT: PXM 0 -> APIC 0x5e -> Node 0
Apr 30 19:00:23 gvnkansiblesrv kernel: SRAT: PXM 0 -> APIC 0x60 -> Node 0
Apr 30 19:00:23 gvnkansiblesrv kernel: SRAT: PXM 0 -> APIC 0x62 -> Node 0
Apr 30 19:00:23 gvnkansiblesrv kernel: SRAT: PXM 0 -> APIC 0x64 -> Node 0
Apr 30 19:00:23 gvnkansiblesrv kernel: SRAT: PXM 0 -> APIC 0x66 -> Node 0
Apr 30 19:00:23 gvnkansiblesrv kernel: SRAT: PXM 0 -> APIC 0x68 -> Node 0
Apr 30 19:00:23 gvnkansiblesrv kernel: SRAT: PXM 0 -> APIC 0x6a -> Node 0
Apr 30 19:00:23 gvnkansiblesrv kernel: SRAT: PXM 0 -> APIC 0x6c -> Node 0
Apr 30 19:00:23 gvnkansiblesrv kernel: SRAT: PXM 0 -> APIC 0x6e -> Node 0
Apr 30 19:00:23 gvnkansiblesrv kernel: SRAT: PXM 0 -> APIC 0x70 -> Node 0
Apr 30 19:00:23 gvnkansiblesrv kernel: SRAT: PXM 0 -> APIC 0x72 -> Node 0
Apr 30 19:00:23 gvnkansiblesrv kernel: SRAT: PXM 0 -> APIC 0x74 -> Node 0
Apr 30 19:00:23 gvnkansiblesrv kernel: SRAT: PXM 0 -> APIC 0x76 -> Node 0
Apr 30 19:00:23 gvnkansiblesrv kernel: SRAT: PXM 0 -> APIC 0x78 -> Node 0
Apr 30 19:00:23 gvnkansiblesrv kernel: SRAT: PXM 0 -> APIC 0x7a -> Node 0
Apr 30 19:00:23 gvnkansiblesrv kernel: SRAT: PXM 0 -> APIC 0x7c -> Node 0
Apr 30 19:00:23 gvnkansiblesrv kernel: SRAT: PXM 0 -> APIC 0x7e -> Node 0
Apr 30 19:00:23 gvnkansiblesrv kernel: SRAT: PXM 0 -> APIC 0x80 -> Node 0
Apr 30 19:00:23 gvnkansiblesrv kernel: SRAT: PXM 0 -> APIC 0x82 -> Node 0
Apr 30 19:00:23 gvnkansiblesrv kernel: SRAT: PXM 0 -> APIC 0x84 -> Node 0
Apr 30 19:00:23 gvnkansiblesrv kernel: SRAT: PXM 0 -> APIC 0x86 -> Node 0
Apr 30 19:00:23 gvnkansiblesrv kernel: SRAT: PXM 0 -> APIC 0x88 -> Node 0
Apr 30 19:00:23 gvnkansiblesrv kernel: SRAT: PXM 0 -> APIC 0x8a -> Node 0
Apr 30 19:00:23 gvnkansiblesrv kernel: SRAT: PXM 0 -> APIC 0x8c -> Node 0
Apr 30 19:00:23 gvnkansiblesrv kernel: SRAT: PXM 0 -> APIC 0x8e -> Node 0
Apr 30 19:00:23 gvnkansiblesrv kernel: SRAT: PXM 0 -> APIC 0x90 -> Node 0
Apr 30 19:00:23 gvnkansiblesrv kernel: SRAT: PXM 0 -> APIC 0x92 -> Node 0
Apr 30 19:00:23 gvnkansiblesrv kernel: SRAT: PXM 0 -> APIC 0x94 -> Node 0
Apr 30 19:00:23 gvnkansiblesrv kernel: SRAT: PXM 0 -> APIC 0x96 -> Node 0
Apr 30 19:00:23 gvnkansiblesrv kernel: SRAT: PXM 0 -> APIC 0x98 -> Node 0
Apr 30 19:00:23 gvnkansiblesrv kernel: SRAT: PXM 0 -> APIC 0x9a -> Node 0
Apr 30 19:00:23 gvnkansiblesrv kernel: SRAT: PXM 0 -> APIC 0x9c -> Node 0
Apr 30 19:00:23 gvnkansiblesrv kernel: SRAT: PXM 0 -> APIC 0x9e -> Node 0
Apr 30 19:00:23 gvnkansiblesrv kernel: SRAT: PXM 0 -> APIC 0xa0 -> Node 0
Apr 30 19:00:23 gvnkansiblesrv kernel: SRAT: PXM 0 -> APIC 0xa2 -> Node 0
Apr 30 19:00:23 gvnkansiblesrv kernel: SRAT: PXM 0 -> APIC 0xa4 -> Node 0
Apr 30 19:00:23 gvnkansiblesrv kernel: SRAT: PXM 0 -> APIC 0xa6 -> Node 0
Apr 30 19:00:23 gvnkansiblesrv kernel: SRAT: PXM 0 -> APIC 0xa8 -> Node 0
Apr 30 19:00:23 gvnkansiblesrv kernel: SRAT: PXM 0 -> APIC 0xaa -> Node 0
Apr 30 19:00:23 gvnkansiblesrv kernel: SRAT: PXM 0 -> APIC 0xac -> Node 0
Apr 30 19:00:23 gvnkansiblesrv kernel: SRAT: PXM 0 -> APIC 0xae -> Node 0
Apr 30 19:00:23 gvnkansiblesrv kernel: SRAT: PXM 0 -> APIC 0xb0 -> Node 0
Apr 30 19:00:23 gvnkansiblesrv kernel: SRAT: PXM 0 -> APIC 0xb2 -> Node 0
Apr 30 19:00:23 gvnkansiblesrv kernel: SRAT: PXM 0 -> APIC 0xb4 -> Node 0
Apr 30 19:00:23 gvnkansiblesrv kernel: SRAT: PXM 0 -> APIC 0xb6 -> Node 0
Apr 30 19:00:23 gvnkansiblesrv kernel: SRAT: PXM 0 -> APIC 0xb8 -> Node 0
Apr 30 19:00:23 gvnkansiblesrv kernel: SRAT: PXM 0 -> APIC 0xba -> Node 0
Apr 30 19:00:23 gvnkansiblesrv kernel: SRAT: PXM 0 -> APIC 0xbc -> Node 0
Apr 30 19:00:23 gvnkansiblesrv kernel: SRAT: PXM 0 -> APIC 0xbe -> Node 0
Apr 30 19:00:23 gvnkansiblesrv kernel: SRAT: PXM 0 -> APIC 0xc0 -> Node 0
Apr 30 19:00:23 gvnkansiblesrv kernel: SRAT: PXM 0 -> APIC 0xc2 -> Node 0
Apr 30 19:00:23 gvnkansiblesrv kernel: SRAT: PXM 0 -> APIC 0xc4 -> Node 0
Apr 30 19:00:23 gvnkansiblesrv kernel: SRAT: PXM 0 -> APIC 0xc6 -> Node 0
Apr 30 19:00:23 gvnkansiblesrv kernel: SRAT: PXM 0 -> APIC 0xc8 -> Node 0
Apr 30 19:00:23 gvnkansiblesrv kernel: SRAT: PXM 0 -> APIC 0xca -> Node 0
Apr 30 19:00:23 gvnkansiblesrv kernel: SRAT: PXM 0 -> APIC 0xcc -> Node 0
Apr 30 19:00:23 gvnkansiblesrv kernel: SRAT: PXM 0 -> APIC 0xce -> Node 0
Apr 30 19:00:23 gvnkansiblesrv kernel: SRAT: PXM 0 -> APIC 0xd0 -> Node 0
Apr 30 19:00:23 gvnkansiblesrv kernel: SRAT: PXM 0 -> APIC 0xd2 -> Node 0
Apr 30 19:00:23 gvnkansiblesrv kernel: SRAT: PXM 0 -> APIC 0xd4 -> Node 0
Apr 30 19:00:23 gvnkansiblesrv kernel: SRAT: PXM 0 -> APIC 0xd6 -> Node 0
Apr 30 19:00:23 gvnkansiblesrv kernel: SRAT: PXM 0 -> APIC 0xd8 -> Node 0
Apr 30 19:00:23 gvnkansiblesrv kernel: SRAT: PXM 0 -> APIC 0xda -> Node 0
Apr 30 19:00:23 gvnkansiblesrv kernel: SRAT: PXM 0 -> APIC 0xdc -> Node 0
Apr 30 19:00:23 gvnkansiblesrv kernel: SRAT: PXM 0 -> APIC 0xde -> Node 0
Apr 30 19:00:23 gvnkansiblesrv kernel: SRAT: PXM 0 -> APIC 0xe0 -> Node 0
Apr 30 19:00:23 gvnkansiblesrv kernel: SRAT: PXM 0 -> APIC 0xe2 -> Node 0
Apr 30 19:00:23 gvnkansiblesrv kernel: SRAT: PXM 0 -> APIC 0xe4 -> Node 0
Apr 30 19:00:23 gvnkansiblesrv kernel: SRAT: PXM 0 -> APIC 0xe6 -> Node 0
Apr 30 19:00:23 gvnkansiblesrv kernel: SRAT: PXM 0 -> APIC 0xe8 -> Node 0
Apr 30 19:00:23 gvnkansiblesrv kernel: SRAT: PXM 0 -> APIC 0xea -> Node 0
Apr 30 19:00:23 gvnkansiblesrv kernel: SRAT: PXM 0 -> APIC 0xec -> Node 0
Apr 30 19:00:23 gvnkansiblesrv kernel: SRAT: PXM 0 -> APIC 0xee -> Node 0
Apr 30 19:00:23 gvnkansiblesrv kernel: SRAT: PXM 0 -> APIC 0xf0 -> Node 0
Apr 30 19:00:23 gvnkansiblesrv kernel: SRAT: PXM 0 -> APIC 0xf2 -> Node 0
Apr 30 19:00:23 gvnkansiblesrv kernel: SRAT: PXM 0 -> APIC 0xf4 -> Node 0
Apr 30 19:00:23 gvnkansiblesrv kernel: SRAT: PXM 0 -> APIC 0xf6 -> Node 0
Apr 30 19:00:23 gvnkansiblesrv kernel: SRAT: PXM 0 -> APIC 0xf8 -> Node 0
Apr 30 19:00:23 gvnkansiblesrv kernel: SRAT: PXM 0 -> APIC 0xfa -> Node 0
Apr 30 19:00:23 gvnkansiblesrv kernel: SRAT: PXM 0 -> APIC 0xfc -> Node 0
Apr 30 19:00:23 gvnkansiblesrv kernel: SRAT: PXM 0 -> APIC 0xfe -> Node 0
Apr 30 19:00:23 gvnkansiblesrv kernel: SRAT: Node 0 PXM 0 [mem 0x00000000-0x0009ffff]
Apr 30 19:00:23 gvnkansiblesrv kernel: SRAT: Node 0 PXM 0 [mem 0x00100000-0x0fffffff]
Apr 30 19:00:23 gvnkansiblesrv kernel: SRAT: Node 0 PXM 0 [mem 0x10000000-0x1fffffff]
Apr 30 19:00:23 gvnkansiblesrv kernel: SRAT: Node 0 PXM 0 [mem 0x20000000-0xbfffffff] hotplug
Apr 30 19:00:23 gvnkansiblesrv kernel: NUMA: Node 0 [mem 0x00000000-0x0009ffff] + [mem 0x00100000-0x0fffffff] -> [mem 0x00000000-0x0fffffff]
Apr 30 19:00:23 gvnkansiblesrv kernel: NUMA: Node 0 [mem 0x00000000-0x0fffffff] + [mem 0x10000000-0x1fffffff] -> [mem 0x00000000-0x1fffffff]
Apr 30 19:00:23 gvnkansiblesrv kernel: NODE_DATA(0) allocated [mem 0x1ffd9000-0x1fffffff]
Apr 30 19:00:23 gvnkansiblesrv kernel: crashkernel=auto resulted in zero bytes of reserved memory.
Apr 30 19:00:23 gvnkansiblesrv kernel: Zone ranges:
Apr 30 19:00:23 gvnkansiblesrv kernel:  DMA      [mem 0x00001000-0x00ffffff]
Apr 30 19:00:23 gvnkansiblesrv kernel:  DMA32    [mem 0x01000000-0xffffffff]
Apr 30 19:00:23 gvnkansiblesrv kernel:  Normal   empty
Apr 30 19:00:23 gvnkansiblesrv kernel: Movable zone start for each node
Apr 30 19:00:23 gvnkansiblesrv kernel: Early memory node ranges
Apr 30 19:00:23 gvnkansiblesrv kernel:  node   0: [mem 0x00001000-0x0009dfff]
Apr 30 19:00:23 gvnkansiblesrv kernel:  node   0: [mem 0x00100000-0x1fedffff]
Apr 30 19:00:23 gvnkansiblesrv kernel:  node   0: [mem 0x1ff00000-0x1fffffff]
Apr 30 19:00:23 gvnkansiblesrv kernel: Initmem setup node 0 [mem 0x00001000-0x1fffffff]
Apr 30 19:00:23 gvnkansiblesrv kernel: ACPI: PM-Timer IO Port: 0x1008
Apr 30 19:00:23 gvnkansiblesrv kernel: ACPI: LAPIC (acpi_id[0x00] lapic_id[0x00] enabled)
Apr 30 19:00:23 gvnkansiblesrv kernel: ACPI: LAPIC (acpi_id[0x01] lapic_id[0x02] disabled)
Apr 30 19:00:23 gvnkansiblesrv kernel: ACPI: LAPIC (acpi_id[0x02] lapic_id[0x04] disabled)
Apr 30 19:00:23 gvnkansiblesrv kernel: ACPI: LAPIC (acpi_id[0x03] lapic_id[0x06] disabled)
Apr 30 19:00:23 gvnkansiblesrv kernel: ACPI: LAPIC (acpi_id[0x04] lapic_id[0x08] disabled)
Apr 30 19:00:23 gvnkansiblesrv kernel: ACPI: LAPIC (acpi_id[0x05] lapic_id[0x0a] disabled)
Apr 30 19:00:23 gvnkansiblesrv kernel: ACPI: LAPIC (acpi_id[0x06] lapic_id[0x0c] disabled)
Apr 30 19:00:23 gvnkansiblesrv kernel: ACPI: LAPIC (acpi_id[0x07] lapic_id[0x0e] disabled)
Apr 30 19:00:23 gvnkansiblesrv kernel: ACPI: LAPIC (acpi_id[0x08] lapic_id[0x10] disabled)
Apr 30 19:00:23 gvnkansiblesrv kernel: ACPI: LAPIC (acpi_id[0x09] lapic_id[0x12] disabled)
Apr 30 19:00:23 gvnkansiblesrv kernel: ACPI: LAPIC (acpi_id[0x0a] lapic_id[0x14] disabled)
Apr 30 19:00:23 gvnkansiblesrv kernel: ACPI: LAPIC (acpi_id[0x0b] lapic_id[0x16] disabled)
Apr 30 19:00:23 gvnkansiblesrv kernel: ACPI: LAPIC (acpi_id[0x0c] lapic_id[0x18] disabled)
Apr 30 19:00:23 gvnkansiblesrv kernel: ACPI: LAPIC (acpi_id[0x0d] lapic_id[0x1a] disabled)
Apr 30 19:00:23 gvnkansiblesrv kernel: ACPI: LAPIC (acpi_id[0x0e] lapic_id[0x1c] disabled)
Apr 30 19:00:23 gvnkansiblesrv kernel: ACPI: LAPIC (acpi_id[0x0f] lapic_id[0x1e] disabled)
Apr 30 19:00:23 gvnkansiblesrv kernel: ACPI: LAPIC (acpi_id[0x10] lapic_id[0x20] disabled)
Apr 30 19:00:23 gvnkansiblesrv kernel: ACPI: LAPIC (acpi_id[0x11] lapic_id[0x22] disabled)
Apr 30 19:00:23 gvnkansiblesrv kernel: ACPI: LAPIC (acpi_id[0x12] lapic_id[0x24] disabled)
Apr 30 19:00:23 gvnkansiblesrv kernel: ACPI: LAPIC (acpi_id[0x13] lapic_id[0x26] disabled)
Apr 30 19:00:23 gvnkansiblesrv kernel: ACPI: LAPIC (acpi_id[0x14] lapic_id[0x28] disabled)
Apr 30 19:00:23 gvnkansiblesrv kernel: ACPI: LAPIC (acpi_id[0x15] lapic_id[0x2a] disabled)
Apr 30 19:00:23 gvnkansiblesrv kernel: ACPI: LAPIC (acpi_id[0x16] lapic_id[0x2c] disabled)
Apr 30 19:00:23 gvnkansiblesrv kernel: ACPI: LAPIC (acpi_id[0x17] lapic_id[0x2e] disabled)
Apr 30 19:00:23 gvnkansiblesrv kernel: ACPI: LAPIC (acpi_id[0x18] lapic_id[0x30] disabled)
Apr 30 19:00:23 gvnkansiblesrv kernel: ACPI: LAPIC (acpi_id[0x19] lapic_id[0x32] disabled)
Apr 30 19:00:23 gvnkansiblesrv kernel: ACPI: LAPIC (acpi_id[0x1a] lapic_id[0x34] disabled)
Apr 30 19:00:23 gvnkansiblesrv kernel: ACPI: LAPIC (acpi_id[0x1b] lapic_id[0x36] disabled)
Apr 30 19:00:23 gvnkansiblesrv kernel: ACPI: LAPIC (acpi_id[0x1c] lapic_id[0x38] disabled)
Apr 30 19:00:23 gvnkansiblesrv kernel: ACPI: LAPIC (acpi_id[0x1d] lapic_id[0x3a] disabled)
Apr 30 19:00:23 gvnkansiblesrv kernel: ACPI: LAPIC (acpi_id[0x1e] lapic_id[0x3c] disabled)
Apr 30 19:00:23 gvnkansiblesrv kernel: ACPI: LAPIC (acpi_id[0x1f] lapic_id[0x3e] disabled)
Apr 30 19:00:23 gvnkansiblesrv kernel: ACPI: LAPIC (acpi_id[0x20] lapic_id[0x40] disabled)
Apr 30 19:00:23 gvnkansiblesrv kernel: ACPI: LAPIC (acpi_id[0x21] lapic_id[0x42] disabled)
Apr 30 19:00:23 gvnkansiblesrv kernel: ACPI: LAPIC (acpi_id[0x22] lapic_id[0x44] disabled)
Apr 30 19:00:23 gvnkansiblesrv kernel: ACPI: LAPIC (acpi_id[0x23] lapic_id[0x46] disabled)
Apr 30 19:00:23 gvnkansiblesrv kernel: ACPI: LAPIC (acpi_id[0x24] lapic_id[0x48] disabled)
Apr 30 19:00:23 gvnkansiblesrv kernel: ACPI: LAPIC (acpi_id[0x25] lapic_id[0x4a] disabled)
Apr 30 19:00:23 gvnkansiblesrv kernel: ACPI: LAPIC (acpi_id[0x26] lapic_id[0x4c] disabled)
Apr 30 19:00:23 gvnkansiblesrv kernel: ACPI: LAPIC (acpi_id[0x27] lapic_id[0x4e] disabled)
Apr 30 19:00:23 gvnkansiblesrv kernel: ACPI: LAPIC (acpi_id[0x28] lapic_id[0x50] disabled)
Apr 30 19:00:23 gvnkansiblesrv kernel: ACPI: LAPIC (acpi_id[0x29] lapic_id[0x52] disabled)
Apr 30 19:00:23 gvnkansiblesrv kernel: ACPI: LAPIC (acpi_id[0x2a] lapic_id[0x54] disabled)
Apr 30 19:00:23 gvnkansiblesrv kernel: ACPI: LAPIC (acpi_id[0x2b] lapic_id[0x56] disabled)
Apr 30 19:00:23 gvnkansiblesrv kernel: ACPI: LAPIC (acpi_id[0x2c] lapic_id[0x58] disabled)
Apr 30 19:00:23 gvnkansiblesrv kernel: ACPI: LAPIC (acpi_id[0x2d] lapic_id[0x5a] disabled)
Apr 30 19:00:23 gvnkansiblesrv kernel: ACPI: LAPIC (acpi_id[0x2e] lapic_id[0x5c] disabled)
Apr 30 19:00:23 gvnkansiblesrv kernel: ACPI: LAPIC (acpi_id[0x2f] lapic_id[0x5e] disabled)
Apr 30 19:00:23 gvnkansiblesrv kernel: ACPI: LAPIC (acpi_id[0x30] lapic_id[0x60] disabled)
Apr 30 19:00:23 gvnkansiblesrv kernel: ACPI: LAPIC (acpi_id[0x31] lapic_id[0x62] disabled)
Apr 30 19:00:23 gvnkansiblesrv kernel: ACPI: LAPIC (acpi_id[0x32] lapic_id[0x64] disabled)
Apr 30 19:00:23 gvnkansiblesrv kernel: ACPI: LAPIC (acpi_id[0x33] lapic_id[0x66] disabled)
Apr 30 19:00:23 gvnkansiblesrv kernel: ACPI: LAPIC (acpi_id[0x34] lapic_id[0x68] disabled)
Apr 30 19:00:23 gvnkansiblesrv kernel: ACPI: LAPIC (acpi_id[0x35] lapic_id[0x6a] disabled)
Apr 30 19:00:23 gvnkansiblesrv kernel: ACPI: LAPIC (acpi_id[0x36] lapic_id[0x6c] disabled)
Apr 30 19:00:23 gvnkansiblesrv kernel: ACPI: LAPIC (acpi_id[0x37] lapic_id[0x6e] disabled)
Apr 30 19:00:23 gvnkansiblesrv kernel: ACPI: LAPIC (acpi_id[0x38] lapic_id[0x70] disabled)
Apr 30 19:00:23 gvnkansiblesrv kernel: ACPI: LAPIC (acpi_id[0x39] lapic_id[0x72] disabled)
Apr 30 19:00:23 gvnkansiblesrv kernel: ACPI: LAPIC (acpi_id[0x3a] lapic_id[0x74] disabled)
Apr 30 19:00:23 gvnkansiblesrv kernel: ACPI: LAPIC (acpi_id[0x3b] lapic_id[0x76] disabled)
Apr 30 19:00:23 gvnkansiblesrv kernel: ACPI: LAPIC (acpi_id[0x3c] lapic_id[0x78] disabled)
Apr 30 19:00:23 gvnkansiblesrv kernel: ACPI: LAPIC (acpi_id[0x3d] lapic_id[0x7a] disabled)
Apr 30 19:00:23 gvnkansiblesrv kernel: ACPI: LAPIC (acpi_id[0x3e] lapic_id[0x7c] disabled)
Apr 30 19:00:23 gvnkansiblesrv kernel: ACPI: LAPIC (acpi_id[0x3f] lapic_id[0x7e] disabled)
Apr 30 19:00:23 gvnkansiblesrv kernel: ACPI: LAPIC (acpi_id[0x40] lapic_id[0x80] disabled)
Apr 30 19:00:23 gvnkansiblesrv kernel: ACPI: LAPIC (acpi_id[0x41] lapic_id[0x82] disabled)
Apr 30 19:00:23 gvnkansiblesrv kernel: ACPI: LAPIC (acpi_id[0x42] lapic_id[0x84] disabled)
Apr 30 19:00:23 gvnkansiblesrv kernel: ACPI: LAPIC (acpi_id[0x43] lapic_id[0x86] disabled)
Apr 30 19:00:23 gvnkansiblesrv kernel: ACPI: LAPIC (acpi_id[0x44] lapic_id[0x88] disabled)
Apr 30 19:00:23 gvnkansiblesrv kernel: ACPI: LAPIC (acpi_id[0x45] lapic_id[0x8a] disabled)
Apr 30 19:00:23 gvnkansiblesrv kernel: ACPI: LAPIC (acpi_id[0x46] lapic_id[0x8c] disabled)
Apr 30 19:00:23 gvnkansiblesrv kernel: ACPI: LAPIC (acpi_id[0x47] lapic_id[0x8e] disabled)
Apr 30 19:00:23 gvnkansiblesrv kernel: ACPI: LAPIC (acpi_id[0x48] lapic_id[0x90] disabled)
Apr 30 19:00:23 gvnkansiblesrv kernel: ACPI: LAPIC (acpi_id[0x49] lapic_id[0x92] disabled)
Apr 30 19:00:23 gvnkansiblesrv kernel: ACPI: LAPIC (acpi_id[0x4a] lapic_id[0x94] disabled)
Apr 30 19:00:23 gvnkansiblesrv kernel: ACPI: LAPIC (acpi_id[0x4b] lapic_id[0x96] disabled)
Apr 30 19:00:23 gvnkansiblesrv kernel: ACPI: LAPIC (acpi_id[0x4c] lapic_id[0x98] disabled)
Apr 30 19:00:23 gvnkansiblesrv kernel: ACPI: LAPIC (acpi_id[0x4d] lapic_id[0x9a] disabled)
Apr 30 19:00:23 gvnkansiblesrv kernel: ACPI: LAPIC (acpi_id[0x4e] lapic_id[0x9c] disabled)
Apr 30 19:00:23 gvnkansiblesrv kernel: ACPI: LAPIC (acpi_id[0x4f] lapic_id[0x9e] disabled)
Apr 30 19:00:23 gvnkansiblesrv kernel: ACPI: LAPIC (acpi_id[0x50] lapic_id[0xa0] disabled)
Apr 30 19:00:23 gvnkansiblesrv kernel: ACPI: LAPIC (acpi_id[0x51] lapic_id[0xa2] disabled)
Apr 30 19:00:23 gvnkansiblesrv kernel: ACPI: LAPIC (acpi_id[0x52] lapic_id[0xa4] disabled)
Apr 30 19:00:23 gvnkansiblesrv kernel: ACPI: LAPIC (acpi_id[0x53] lapic_id[0xa6] disabled)
Apr 30 19:00:23 gvnkansiblesrv kernel: ACPI: LAPIC (acpi_id[0x54] lapic_id[0xa8] disabled)
Apr 30 19:00:23 gvnkansiblesrv kernel: ACPI: LAPIC (acpi_id[0x55] lapic_id[0xaa] disabled)
Apr 30 19:00:23 gvnkansiblesrv kernel: ACPI: LAPIC (acpi_id[0x56] lapic_id[0xac] disabled)
Apr 30 19:00:23 gvnkansiblesrv kernel: ACPI: LAPIC (acpi_id[0x57] lapic_id[0xae] disabled)
Apr 30 19:00:23 gvnkansiblesrv kernel: ACPI: LAPIC (acpi_id[0x58] lapic_id[0xb0] disabled)
Apr 30 19:00:23 gvnkansiblesrv kernel: ACPI: LAPIC (acpi_id[0x59] lapic_id[0xb2] disabled)
Apr 30 19:00:23 gvnkansiblesrv kernel: ACPI: LAPIC (acpi_id[0x5a] lapic_id[0xb4] disabled)
Apr 30 19:00:23 gvnkansiblesrv kernel: ACPI: LAPIC (acpi_id[0x5b] lapic_id[0xb6] disabled)
Apr 30 19:00:23 gvnkansiblesrv kernel: ACPI: LAPIC (acpi_id[0x5c] lapic_id[0xb8] disabled)
Apr 30 19:00:23 gvnkansiblesrv kernel: ACPI: LAPIC (acpi_id[0x5d] lapic_id[0xba] disabled)
Apr 30 19:00:23 gvnkansiblesrv kernel: ACPI: LAPIC (acpi_id[0x5e] lapic_id[0xbc] disabled)
Apr 30 19:00:23 gvnkansiblesrv kernel: ACPI: LAPIC (acpi_id[0x5f] lapic_id[0xbe] disabled)
Apr 30 19:00:23 gvnkansiblesrv kernel: ACPI: LAPIC (acpi_id[0x60] lapic_id[0xc0] disabled)
Apr 30 19:00:23 gvnkansiblesrv kernel: ACPI: LAPIC (acpi_id[0x61] lapic_id[0xc2] disabled)
Apr 30 19:00:23 gvnkansiblesrv kernel: ACPI: LAPIC (acpi_id[0x62] lapic_id[0xc4] disabled)
Apr 30 19:00:23 gvnkansiblesrv kernel: ACPI: LAPIC (acpi_id[0x63] lapic_id[0xc6] disabled)
Apr 30 19:00:23 gvnkansiblesrv kernel: ACPI: LAPIC (acpi_id[0x64] lapic_id[0xc8] disabled)
Apr 30 19:00:23 gvnkansiblesrv kernel: ACPI: LAPIC (acpi_id[0x65] lapic_id[0xca] disabled)
Apr 30 19:00:23 gvnkansiblesrv kernel: ACPI: LAPIC (acpi_id[0x66] lapic_id[0xcc] disabled)
Apr 30 19:00:23 gvnkansiblesrv kernel: ACPI: LAPIC (acpi_id[0x67] lapic_id[0xce] disabled)
Apr 30 19:00:23 gvnkansiblesrv kernel: ACPI: LAPIC (acpi_id[0x68] lapic_id[0xd0] disabled)
Apr 30 19:00:23 gvnkansiblesrv kernel: ACPI: LAPIC (acpi_id[0x69] lapic_id[0xd2] disabled)
Apr 30 19:00:23 gvnkansiblesrv kernel: ACPI: LAPIC (acpi_id[0x6a] lapic_id[0xd4] disabled)
Apr 30 19:00:23 gvnkansiblesrv kernel: ACPI: LAPIC (acpi_id[0x6b] lapic_id[0xd6] disabled)
Apr 30 19:00:23 gvnkansiblesrv kernel: ACPI: LAPIC (acpi_id[0x6c] lapic_id[0xd8] disabled)
Apr 30 19:00:23 gvnkansiblesrv kernel: ACPI: LAPIC (acpi_id[0x6d] lapic_id[0xda] disabled)
Apr 30 19:00:23 gvnkansiblesrv kernel: ACPI: LAPIC (acpi_id[0x6e] lapic_id[0xdc] disabled)
Apr 30 19:00:23 gvnkansiblesrv kernel: ACPI: LAPIC (acpi_id[0x6f] lapic_id[0xde] disabled)
Apr 30 19:00:23 gvnkansiblesrv kernel: ACPI: LAPIC (acpi_id[0x70] lapic_id[0xe0] disabled)
Apr 30 19:00:23 gvnkansiblesrv kernel: ACPI: LAPIC (acpi_id[0x71] lapic_id[0xe2] disabled)
Apr 30 19:00:23 gvnkansiblesrv kernel: ACPI: LAPIC (acpi_id[0x72] lapic_id[0xe4] disabled)
Apr 30 19:00:23 gvnkansiblesrv kernel: ACPI: LAPIC (acpi_id[0x73] lapic_id[0xe6] disabled)
Apr 30 19:00:23 gvnkansiblesrv kernel: ACPI: LAPIC (acpi_id[0x74] lapic_id[0xe8] disabled)
Apr 30 19:00:23 gvnkansiblesrv kernel: ACPI: LAPIC (acpi_id[0x75] lapic_id[0xea] disabled)
Apr 30 19:00:23 gvnkansiblesrv kernel: ACPI: LAPIC (acpi_id[0x76] lapic_id[0xec] disabled)
Apr 30 19:00:23 gvnkansiblesrv kernel: ACPI: LAPIC (acpi_id[0x77] lapic_id[0xee] disabled)
Apr 30 19:00:23 gvnkansiblesrv kernel: ACPI: LAPIC (acpi_id[0x78] lapic_id[0xf0] disabled)
Apr 30 19:00:23 gvnkansiblesrv kernel: ACPI: LAPIC (acpi_id[0x79] lapic_id[0xf2] disabled)
Apr 30 19:00:23 gvnkansiblesrv kernel: ACPI: LAPIC (acpi_id[0x7a] lapic_id[0xf4] disabled)
Apr 30 19:00:23 gvnkansiblesrv kernel: ACPI: LAPIC (acpi_id[0x7b] lapic_id[0xf6] disabled)
Apr 30 19:00:23 gvnkansiblesrv kernel: ACPI: LAPIC (acpi_id[0x7c] lapic_id[0xf8] disabled)
Apr 30 19:00:23 gvnkansiblesrv kernel: ACPI: LAPIC (acpi_id[0x7d] lapic_id[0xfa] disabled)
Apr 30 19:00:23 gvnkansiblesrv kernel: ACPI: LAPIC (acpi_id[0x7e] lapic_id[0xfc] disabled)
Apr 30 19:00:23 gvnkansiblesrv kernel: ACPI: LAPIC (acpi_id[0x7f] lapic_id[0xfe] disabled)
Apr 30 19:00:23 gvnkansiblesrv kernel: ACPI: LAPIC_NMI (acpi_id[0x00] high edge lint[0x1])
Apr 30 19:00:23 gvnkansiblesrv kernel: ACPI: LAPIC_NMI (acpi_id[0x01] high edge lint[0x1])
Apr 30 19:00:23 gvnkansiblesrv kernel: ACPI: LAPIC_NMI (acpi_id[0x02] high edge lint[0x1])
Apr 30 19:00:23 gvnkansiblesrv kernel: ACPI: LAPIC_NMI (acpi_id[0x03] high edge lint[0x1])
Apr 30 19:00:23 gvnkansiblesrv kernel: ACPI: LAPIC_NMI (acpi_id[0x04] high edge lint[0x1])
Apr 30 19:00:23 gvnkansiblesrv kernel: ACPI: LAPIC_NMI (acpi_id[0x05] high edge lint[0x1])
Apr 30 19:00:23 gvnkansiblesrv kernel: ACPI: LAPIC_NMI (acpi_id[0x06] high edge lint[0x1])
Apr 30 19:00:23 gvnkansiblesrv kernel: ACPI: LAPIC_NMI (acpi_id[0x07] high edge lint[0x1])
Apr 30 19:00:23 gvnkansiblesrv kernel: ACPI: LAPIC_NMI (acpi_id[0x08] high edge lint[0x1])
Apr 30 19:00:23 gvnkansiblesrv kernel: ACPI: LAPIC_NMI (acpi_id[0x09] high edge lint[0x1])
Apr 30 19:00:23 gvnkansiblesrv kernel: ACPI: LAPIC_NMI (acpi_id[0x0a] high edge lint[0x1])
Apr 30 19:00:23 gvnkansiblesrv kernel: ACPI: LAPIC_NMI (acpi_id[0x0b] high edge lint[0x1])
Apr 30 19:00:23 gvnkansiblesrv kernel: ACPI: LAPIC_NMI (acpi_id[0x0c] high edge lint[0x1])
Apr 30 19:00:23 gvnkansiblesrv kernel: ACPI: LAPIC_NMI (acpi_id[0x0d] high edge lint[0x1])
Apr 30 19:00:23 gvnkansiblesrv kernel: ACPI: LAPIC_NMI (acpi_id[0x0e] high edge lint[0x1])
Apr 30 19:00:23 gvnkansiblesrv kernel: ACPI: LAPIC_NMI (acpi_id[0x0f] high edge lint[0x1])
Apr 30 19:00:23 gvnkansiblesrv kernel: ACPI: LAPIC_NMI (acpi_id[0x10] high edge lint[0x1])
Apr 30 19:00:23 gvnkansiblesrv kernel: ACPI: LAPIC_NMI (acpi_id[0x11] high edge lint[0x1])
Apr 30 19:00:23 gvnkansiblesrv kernel: ACPI: LAPIC_NMI (acpi_id[0x12] high edge lint[0x1])
Apr 30 19:00:23 gvnkansiblesrv kernel: ACPI: LAPIC_NMI (acpi_id[0x13] high edge lint[0x1])
Apr 30 19:00:23 gvnkansiblesrv kernel: ACPI: LAPIC_NMI (acpi_id[0x14] high edge lint[0x1])
Apr 30 19:00:23 gvnkansiblesrv kernel: ACPI: LAPIC_NMI (acpi_id[0x15] high edge lint[0x1])
Apr 30 19:00:23 gvnkansiblesrv kernel: ACPI: LAPIC_NMI (acpi_id[0x16] high edge lint[0x1])
Apr 30 19:00:23 gvnkansiblesrv kernel: ACPI: LAPIC_NMI (acpi_id[0x17] high edge lint[0x1])
Apr 30 19:00:23 gvnkansiblesrv kernel: ACPI: LAPIC_NMI (acpi_id[0x18] high edge lint[0x1])
Apr 30 19:00:23 gvnkansiblesrv kernel: ACPI: LAPIC_NMI (acpi_id[0x19] high edge lint[0x1])
Apr 30 19:00:23 gvnkansiblesrv kernel: ACPI: LAPIC_NMI (acpi_id[0x1a] high edge lint[0x1])
Apr 30 19:00:23 gvnkansiblesrv kernel: ACPI: LAPIC_NMI (acpi_id[0x1b] high edge lint[0x1])
Apr 30 19:00:23 gvnkansiblesrv kernel: ACPI: LAPIC_NMI (acpi_id[0x1c] high edge lint[0x1])
Apr 30 19:00:23 gvnkansiblesrv kernel: ACPI: LAPIC_NMI (acpi_id[0x1d] high edge lint[0x1])
Apr 30 19:00:23 gvnkansiblesrv kernel: ACPI: LAPIC_NMI (acpi_id[0x1e] high edge lint[0x1])
Apr 30 19:00:23 gvnkansiblesrv kernel: ACPI: LAPIC_NMI (acpi_id[0x1f] high edge lint[0x1])
Apr 30 19:00:23 gvnkansiblesrv kernel: ACPI: LAPIC_NMI (acpi_id[0x20] high edge lint[0x1])
Apr 30 19:00:23 gvnkansiblesrv kernel: ACPI: LAPIC_NMI (acpi_id[0x21] high edge lint[0x1])
Apr 30 19:00:23 gvnkansiblesrv kernel: ACPI: LAPIC_NMI (acpi_id[0x22] high edge lint[0x1])
Apr 30 19:00:23 gvnkansiblesrv kernel: ACPI: LAPIC_NMI (acpi_id[0x23] high edge lint[0x1])
Apr 30 19:00:23 gvnkansiblesrv kernel: ACPI: LAPIC_NMI (acpi_id[0x24] high edge lint[0x1])
Apr 30 19:00:23 gvnkansiblesrv kernel: ACPI: LAPIC_NMI (acpi_id[0x25] high edge lint[0x1])
Apr 30 19:00:23 gvnkansiblesrv kernel: ACPI: LAPIC_NMI (acpi_id[0x26] high edge lint[0x1])
Apr 30 19:00:23 gvnkansiblesrv kernel: ACPI: LAPIC_NMI (acpi_id[0x27] high edge lint[0x1])
Apr 30 19:00:23 gvnkansiblesrv kernel: ACPI: LAPIC_NMI (acpi_id[0x28] high edge lint[0x1])
Apr 30 19:00:23 gvnkansiblesrv kernel: ACPI: LAPIC_NMI (acpi_id[0x29] high edge lint[0x1])
Apr 30 19:00:23 gvnkansiblesrv kernel: ACPI: LAPIC_NMI (acpi_id[0x2a] high edge lint[0x1])
Apr 30 19:00:23 gvnkansiblesrv kernel: ACPI: LAPIC_NMI (acpi_id[0x2b] high edge lint[0x1])
Apr 30 19:00:23 gvnkansiblesrv kernel: ACPI: LAPIC_NMI (acpi_id[0x2c] high edge lint[0x1])
Apr 30 19:00:23 gvnkansiblesrv kernel: ACPI: LAPIC_NMI (acpi_id[0x2d] high edge lint[0x1])
Apr 30 19:00:23 gvnkansiblesrv kernel: ACPI: LAPIC_NMI (acpi_id[0x2e] high edge lint[0x1])
Apr 30 19:00:23 gvnkansiblesrv kernel: ACPI: LAPIC_NMI (acpi_id[0x2f] high edge lint[0x1])
Apr 30 19:00:23 gvnkansiblesrv kernel: ACPI: LAPIC_NMI (acpi_id[0x30] high edge lint[0x1])
Apr 30 19:00:23 gvnkansiblesrv kernel: ACPI: LAPIC_NMI (acpi_id[0x31] high edge lint[0x1])
Apr 30 19:00:23 gvnkansiblesrv kernel: ACPI: LAPIC_NMI (acpi_id[0x32] high edge lint[0x1])
Apr 30 19:00:23 gvnkansiblesrv kernel: ACPI: LAPIC_NMI (acpi_id[0x33] high edge lint[0x1])
Apr 30 19:00:23 gvnkansiblesrv kernel: ACPI: LAPIC_NMI (acpi_id[0x34] high edge lint[0x1])
Apr 30 19:00:23 gvnkansiblesrv kernel: ACPI: LAPIC_NMI (acpi_id[0x35] high edge lint[0x1])
Apr 30 19:00:23 gvnkansiblesrv kernel: ACPI: LAPIC_NMI (acpi_id[0x36] high edge lint[0x1])
Apr 30 19:00:23 gvnkansiblesrv kernel: ACPI: LAPIC_NMI (acpi_id[0x37] high edge lint[0x1])
Apr 30 19:00:23 gvnkansiblesrv kernel: ACPI: LAPIC_NMI (acpi_id[0x38] high edge lint[0x1])
Apr 30 19:00:23 gvnkansiblesrv kernel: ACPI: LAPIC_NMI (acpi_id[0x39] high edge lint[0x1])
Apr 30 19:00:23 gvnkansiblesrv kernel: ACPI: LAPIC_NMI (acpi_id[0x3a] high edge lint[0x1])
Apr 30 19:00:23 gvnkansiblesrv kernel: ACPI: LAPIC_NMI (acpi_id[0x3b] high edge lint[0x1])
Apr 30 19:00:23 gvnkansiblesrv kernel: ACPI: LAPIC_NMI (acpi_id[0x3c] high edge lint[0x1])
Apr 30 19:00:23 gvnkansiblesrv kernel: ACPI: LAPIC_NMI (acpi_id[0x3d] high edge lint[0x1])
Apr 30 19:00:23 gvnkansiblesrv kernel: ACPI: LAPIC_NMI (acpi_id[0x3e] high edge lint[0x1])
Apr 30 19:00:23 gvnkansiblesrv kernel: ACPI: LAPIC_NMI (acpi_id[0x3f] high edge lint[0x1])
Apr 30 19:00:23 gvnkansiblesrv kernel: ACPI: LAPIC_NMI (acpi_id[0x40] high edge lint[0x1])
Apr 30 19:00:23 gvnkansiblesrv kernel: ACPI: LAPIC_NMI (acpi_id[0x41] high edge lint[0x1])
Apr 30 19:00:23 gvnkansiblesrv kernel: ACPI: LAPIC_NMI (acpi_id[0x42] high edge lint[0x1])
Apr 30 19:00:23 gvnkansiblesrv kernel: ACPI: LAPIC_NMI (acpi_id[0x43] high edge lint[0x1])
Apr 30 19:00:23 gvnkansiblesrv kernel: ACPI: LAPIC_NMI (acpi_id[0x44] high edge lint[0x1])
Apr 30 19:00:23 gvnkansiblesrv kernel: ACPI: LAPIC_NMI (acpi_id[0x45] high edge lint[0x1])
Apr 30 19:00:23 gvnkansiblesrv kernel: ACPI: LAPIC_NMI (acpi_id[0x46] high edge lint[0x1])
Apr 30 19:00:23 gvnkansiblesrv kernel: ACPI: LAPIC_NMI (acpi_id[0x47] high edge lint[0x1])
Apr 30 19:00:23 gvnkansiblesrv kernel: ACPI: LAPIC_NMI (acpi_id[0x48] high edge lint[0x1])
Apr 30 19:00:23 gvnkansiblesrv kernel: ACPI: LAPIC_NMI (acpi_id[0x49] high edge lint[0x1])
Apr 30 19:00:23 gvnkansiblesrv kernel: ACPI: LAPIC_NMI (acpi_id[0x4a] high edge lint[0x1])
Apr 30 19:00:23 gvnkansiblesrv kernel: ACPI: LAPIC_NMI (acpi_id[0x4b] high edge lint[0x1])
Apr 30 19:00:23 gvnkansiblesrv kernel: ACPI: LAPIC_NMI (acpi_id[0x4c] high edge lint[0x1])
Apr 30 19:00:23 gvnkansiblesrv kernel: ACPI: LAPIC_NMI (acpi_id[0x4d] high edge lint[0x1])
Apr 30 19:00:23 gvnkansiblesrv kernel: ACPI: LAPIC_NMI (acpi_id[0x4e] high edge lint[0x1])
Apr 30 19:00:23 gvnkansiblesrv kernel: ACPI: LAPIC_NMI (acpi_id[0x4f] high edge lint[0x1])
Apr 30 19:00:23 gvnkansiblesrv kernel: ACPI: LAPIC_NMI (acpi_id[0x50] high edge lint[0x1])
Apr 30 19:00:23 gvnkansiblesrv kernel: ACPI: LAPIC_NMI (acpi_id[0x51] high edge lint[0x1])
Apr 30 19:00:23 gvnkansiblesrv kernel: ACPI: LAPIC_NMI (acpi_id[0x52] high edge lint[0x1])
Apr 30 19:00:23 gvnkansiblesrv kernel: ACPI: LAPIC_NMI (acpi_id[0x53] high edge lint[0x1])
Apr 30 19:00:23 gvnkansiblesrv kernel: ACPI: LAPIC_NMI (acpi_id[0x54] high edge lint[0x1])
Apr 30 19:00:23 gvnkansiblesrv kernel: ACPI: LAPIC_NMI (acpi_id[0x55] high edge lint[0x1])
Apr 30 19:00:23 gvnkansiblesrv kernel: ACPI: LAPIC_NMI (acpi_id[0x56] high edge lint[0x1])
Apr 30 19:00:23 gvnkansiblesrv kernel: ACPI: LAPIC_NMI (acpi_id[0x57] high edge lint[0x1])
Apr 30 19:00:23 gvnkansiblesrv kernel: ACPI: LAPIC_NMI (acpi_id[0x58] high edge lint[0x1])
Apr 30 19:00:23 gvnkansiblesrv kernel: ACPI: LAPIC_NMI (acpi_id[0x59] high edge lint[0x1])
Apr 30 19:00:23 gvnkansiblesrv kernel: ACPI: LAPIC_NMI (acpi_id[0x5a] high edge lint[0x1])
Apr 30 19:00:23 gvnkansiblesrv kernel: ACPI: LAPIC_NMI (acpi_id[0x5b] high edge lint[0x1])
Apr 30 19:00:23 gvnkansiblesrv kernel: ACPI: LAPIC_NMI (acpi_id[0x5c] high edge lint[0x1])
Apr 30 19:00:23 gvnkansiblesrv kernel: ACPI: LAPIC_NMI (acpi_id[0x5d] high edge lint[0x1])
Apr 30 19:00:23 gvnkansiblesrv kernel: ACPI: LAPIC_NMI (acpi_id[0x5e] high edge lint[0x1])
Apr 30 19:00:23 gvnkansiblesrv kernel: ACPI: LAPIC_NMI (acpi_id[0x5f] high edge lint[0x1])
Apr 30 19:00:23 gvnkansiblesrv kernel: ACPI: LAPIC_NMI (acpi_id[0x60] high edge lint[0x1])
Apr 30 19:00:23 gvnkansiblesrv kernel: ACPI: LAPIC_NMI (acpi_id[0x61] high edge lint[0x1])
Apr 30 19:00:23 gvnkansiblesrv kernel: ACPI: LAPIC_NMI (acpi_id[0x62] high edge lint[0x1])
Apr 30 19:00:23 gvnkansiblesrv kernel: ACPI: LAPIC_NMI (acpi_id[0x63] high edge lint[0x1])
Apr 30 19:00:23 gvnkansiblesrv kernel: ACPI: LAPIC_NMI (acpi_id[0x64] high edge lint[0x1])
Apr 30 19:00:23 gvnkansiblesrv kernel: ACPI: LAPIC_NMI (acpi_id[0x65] high edge lint[0x1])
Apr 30 19:00:23 gvnkansiblesrv kernel: ACPI: LAPIC_NMI (acpi_id[0x66] high edge lint[0x1])
Apr 30 19:00:23 gvnkansiblesrv kernel: ACPI: LAPIC_NMI (acpi_id[0x67] high edge lint[0x1])
Apr 30 19:00:23 gvnkansiblesrv kernel: ACPI: LAPIC_NMI (acpi_id[0x68] high edge lint[0x1])
Apr 30 19:00:23 gvnkansiblesrv kernel: ACPI: LAPIC_NMI (acpi_id[0x69] high edge lint[0x1])
Apr 30 19:00:23 gvnkansiblesrv kernel: ACPI: LAPIC_NMI (acpi_id[0x6a] high edge lint[0x1])
Apr 30 19:00:23 gvnkansiblesrv kernel: ACPI: LAPIC_NMI (acpi_id[0x6b] high edge lint[0x1])
Apr 30 19:00:23 gvnkansiblesrv kernel: ACPI: LAPIC_NMI (acpi_id[0x6c] high edge lint[0x1])
Apr 30 19:00:23 gvnkansiblesrv kernel: ACPI: LAPIC_NMI (acpi_id[0x6d] high edge lint[0x1])
Apr 30 19:00:23 gvnkansiblesrv kernel: ACPI: LAPIC_NMI (acpi_id[0x6e] high edge lint[0x1])
Apr 30 19:00:23 gvnkansiblesrv kernel: ACPI: LAPIC_NMI (acpi_id[0x6f] high edge lint[0x1])
Apr 30 19:00:23 gvnkansiblesrv kernel: ACPI: LAPIC_NMI (acpi_id[0x70] high edge lint[0x1])
Apr 30 19:00:23 gvnkansiblesrv kernel: ACPI: LAPIC_NMI (acpi_id[0x71] high edge lint[0x1])
Apr 30 19:00:23 gvnkansiblesrv kernel: ACPI: LAPIC_NMI (acpi_id[0x72] high edge lint[0x1])
Apr 30 19:00:23 gvnkansiblesrv kernel: ACPI: LAPIC_NMI (acpi_id[0x73] high edge lint[0x1])
Apr 30 19:00:23 gvnkansiblesrv kernel: ACPI: LAPIC_NMI (acpi_id[0x74] high edge lint[0x1])
Apr 30 19:00:23 gvnkansiblesrv kernel: ACPI: LAPIC_NMI (acpi_id[0x75] high edge lint[0x1])
Apr 30 19:00:23 gvnkansiblesrv kernel: ACPI: LAPIC_NMI (acpi_id[0x76] high edge lint[0x1])
Apr 30 19:00:23 gvnkansiblesrv kernel: ACPI: LAPIC_NMI (acpi_id[0x77] high edge lint[0x1])
Apr 30 19:00:23 gvnkansiblesrv kernel: ACPI: LAPIC_NMI (acpi_id[0x78] high edge lint[0x1])
Apr 30 19:00:23 gvnkansiblesrv kernel: ACPI: LAPIC_NMI (acpi_id[0x79] high edge lint[0x1])
Apr 30 19:00:23 gvnkansiblesrv kernel: ACPI: LAPIC_NMI (acpi_id[0x7a] high edge lint[0x1])
Apr 30 19:00:23 gvnkansiblesrv kernel: ACPI: LAPIC_NMI (acpi_id[0x7b] high edge lint[0x1])
Apr 30 19:00:23 gvnkansiblesrv kernel: ACPI: LAPIC_NMI (acpi_id[0x7c] high edge lint[0x1])
Apr 30 19:00:23 gvnkansiblesrv kernel: ACPI: LAPIC_NMI (acpi_id[0x7d] high edge lint[0x1])
Apr 30 19:00:23 gvnkansiblesrv kernel: ACPI: LAPIC_NMI (acpi_id[0x7e] high edge lint[0x1])
Apr 30 19:00:23 gvnkansiblesrv kernel: ACPI: LAPIC_NMI (acpi_id[0x7f] high edge lint[0x1])
Apr 30 19:00:23 gvnkansiblesrv kernel: ACPI: IOAPIC (id[0x01] address[0xfec00000] gsi_base[0])
Apr 30 19:00:23 gvnkansiblesrv kernel: IOAPIC[0]: apic_id 1, version 17, address 0xfec00000, GSI 0-23
Apr 30 19:00:23 gvnkansiblesrv kernel: ACPI: INT_SRC_OVR (bus 0 bus_irq 0 global_irq 2 high edge)
Apr 30 19:00:23 gvnkansiblesrv kernel: Using ACPI (MADT) for SMP configuration information
Apr 30 19:00:23 gvnkansiblesrv kernel: ACPI: HPET id: 0x8086af01 base: 0xfed00000
Apr 30 19:00:23 gvnkansiblesrv kernel: smpboot: Allowing 128 CPUs, 127 hotplug CPUs
Apr 30 19:00:23 gvnkansiblesrv kernel: PM: Registered nosave memory: [mem 0x0009e000-0x0009efff]
Apr 30 19:00:23 gvnkansiblesrv kernel: PM: Registered nosave memory: [mem 0x0009f000-0x0009ffff]
Apr 30 19:00:23 gvnkansiblesrv kernel: PM: Registered nosave memory: [mem 0x000a0000-0x000dbfff]
Apr 30 19:00:23 gvnkansiblesrv kernel: PM: Registered nosave memory: [mem 0x000dc000-0x000fffff]
Apr 30 19:00:23 gvnkansiblesrv kernel: PM: Registered nosave memory: [mem 0x1fee0000-0x1fefefff]
Apr 30 19:00:23 gvnkansiblesrv kernel: PM: Registered nosave memory: [mem 0x1feff000-0x1fefffff]
Apr 30 19:00:23 gvnkansiblesrv kernel: e820: [mem 0x20000000-0xefffffff] available for PCI devices
Apr 30 19:00:23 gvnkansiblesrv kernel: Booting paravirtualized kernel on bare hardware
Apr 30 19:00:23 gvnkansiblesrv kernel: Detected CPU family 6 model 126
Apr 30 19:00:23 gvnkansiblesrv kernel: Warning: Intel Processor - this hardware has not undergone testing by Red Hat and might not be certified. Please consult https://hardware.redhat.com for certified hardware.
Apr 30 19:00:23 gvnkansiblesrv kernel: setup_percpu: NR_CPUS:5120 nr_cpumask_bits:128 nr_cpu_ids:128 nr_node_ids:1
Apr 30 19:00:23 gvnkansiblesrv kernel: PERCPU: Embedded 35 pages/cpu @ffff88001b600000 s104536 r8192 d30632 u262144
Apr 30 19:00:23 gvnkansiblesrv kernel: Built 1 zonelists in Node order, mobility grouping on.  Total pages: 128872
Apr 30 19:00:23 gvnkansiblesrv kernel: Policy zone: DMA32
Apr 30 19:00:23 gvnkansiblesrv kernel: Kernel command line: BOOT_IMAGE=/vmlinuz-3.10.0-693.17.1.el7.x86_64 root=/dev/mapper/rhel-root ro crashkernel=auto rd.lvm.lv=rhel/root rd.lvm.lv=rhel/swap rhgb quiet LANG=en_US.UTF-8
Apr 30 19:00:23 gvnkansiblesrv kernel: PID hash table entries: 2048 (order: 2, 16384 bytes)
Apr 30 19:00:23 gvnkansiblesrv kernel: x86/fpu: xstate_offset[2]: 0240, xstate_sizes[2]: 0100
Apr 30 19:00:23 gvnkansiblesrv kernel: xsave: enabled xstate_bv 0x7, cntxt size 0x340 using standard form
Apr 30 19:00:23 gvnkansiblesrv kernel: Memory: 460380k/524288k available (6916k kernel code, 524k absent, 63384k reserved, 4551k data, 1800k init)
Apr 30 19:00:23 gvnkansiblesrv kernel: SLUB: HWalign=64, Order=0-3, MinObjects=0, CPUs=128, Nodes=1
Apr 30 19:00:23 gvnkansiblesrv kernel: x86/pti: Unmapping kernel while in userspace
Apr 30 19:00:23 gvnkansiblesrv kernel: Hierarchical RCU implementation.
Apr 30 19:00:23 gvnkansiblesrv kernel: #011RCU restricting CPUs from NR_CPUS=5120 to nr_cpu_ids=128.
Apr 30 19:00:23 gvnkansiblesrv kernel: NR_IRQS:327936 nr_irqs:1448 0
Apr 30 19:00:23 gvnkansiblesrv kernel: Console: colour VGA+ 80x25
Apr 30 19:00:23 gvnkansiblesrv kernel: console [tty0] enabled
Apr 30 19:00:23 gvnkansiblesrv kernel: allocated 2097152 bytes of page_cgroup
Apr 30 19:00:23 gvnkansiblesrv kernel: please try 'cgroup_disable=memory' option if you don't want memory cgroups
Apr 30 19:00:23 gvnkansiblesrv kernel: TSC freq read from hypervisor : 1190.401 MHz
Apr 30 19:00:23 gvnkansiblesrv kernel: TSC freq read from hypervisor : 1190.401 MHz
Apr 30 19:00:23 gvnkansiblesrv kernel: tsc: Detected 1190.401 MHz processor
Apr 30 19:00:23 gvnkansiblesrv kernel: Calibrating delay loop (skipped) preset value.. 2380.80 BogoMIPS (lpj=1190401)
Apr 30 19:00:23 gvnkansiblesrv kernel: pid_max: default: 131072 minimum: 1024
Apr 30 19:00:23 gvnkansiblesrv kernel: Security Framework initialized
Apr 30 19:00:23 gvnkansiblesrv kernel: SELinux:  Initializing.
Apr 30 19:00:23 gvnkansiblesrv kernel: Yama: becoming mindful.
Apr 30 19:00:23 gvnkansiblesrv kernel: Dentry cache hash table entries: 65536 (order: 7, 524288 bytes)
Apr 30 19:00:23 gvnkansiblesrv kernel: Inode-cache hash table entries: 32768 (order: 6, 262144 bytes)
Apr 30 19:00:23 gvnkansiblesrv kernel: Mount-cache hash table entries: 1024 (order: 1, 8192 bytes)
Apr 30 19:00:23 gvnkansiblesrv kernel: Mountpoint-cache hash table entries: 1024 (order: 1, 8192 bytes)
Apr 30 19:00:23 gvnkansiblesrv kernel: Initializing cgroup subsys memory
Apr 30 19:00:23 gvnkansiblesrv kernel: Initializing cgroup subsys devices
Apr 30 19:00:23 gvnkansiblesrv kernel: Initializing cgroup subsys freezer
Apr 30 19:00:23 gvnkansiblesrv kernel: Initializing cgroup subsys net_cls
Apr 30 19:00:23 gvnkansiblesrv kernel: Initializing cgroup subsys blkio
Apr 30 19:00:23 gvnkansiblesrv kernel: Initializing cgroup subsys perf_event
Apr 30 19:00:23 gvnkansiblesrv kernel: Initializing cgroup subsys hugetlb
Apr 30 19:00:23 gvnkansiblesrv kernel: Initializing cgroup subsys pids
Apr 30 19:00:23 gvnkansiblesrv kernel: Initializing cgroup subsys net_prio
Apr 30 19:00:23 gvnkansiblesrv kernel: Disabled fast string operations
Apr 30 19:00:23 gvnkansiblesrv kernel: CPU: Physical Processor ID: 0
Apr 30 19:00:23 gvnkansiblesrv kernel: ENERGY_PERF_BIAS: Set to 'normal', was 'performance'
Apr 30 19:00:23 gvnkansiblesrv kernel: ENERGY_PERF_BIAS: View and update with x86_energy_perf_policy(8)
Apr 30 19:00:23 gvnkansiblesrv kernel: FEATURE SPEC_CTRL Not Present
Apr 30 19:00:23 gvnkansiblesrv kernel: FEATURE IBPB_SUPPORT Not Present
Apr 30 19:00:23 gvnkansiblesrv kernel: mce: CPU supports 0 MCE banks
Apr 30 19:00:23 gvnkansiblesrv kernel: Last level iTLB entries: 4KB 0, 2MB 0, 4MB 0
Apr 30 19:00:23 gvnkansiblesrv kernel: Last level dTLB entries: 4KB 0, 2MB 0, 4MB 0
Apr 30 19:00:23 gvnkansiblesrv kernel: tlb_flushall_shift: 6
Apr 30 19:00:23 gvnkansiblesrv kernel: ACPI: Core revision 20130517
Apr 30 19:00:23 gvnkansiblesrv kernel: ACPI: All ACPI Tables successfully acquired
Apr 30 19:00:23 gvnkansiblesrv kernel: ftrace: allocating 26618 entries in 104 pages
Apr 30 19:00:23 gvnkansiblesrv kernel: Enabling x2apic
Apr 30 19:00:23 gvnkansiblesrv kernel: Enabled x2apic
Apr 30 19:00:23 gvnkansiblesrv kernel: Switched APIC routing to physical x2apic.
Apr 30 19:00:23 gvnkansiblesrv kernel: ..TIMER: vector=0x30 apic1=0 pin1=2 apic2=-1 pin2=-1
Apr 30 19:00:23 gvnkansiblesrv kernel: smpboot: CPU0: Intel(R) Core(TM) i3-1005G1 CPU @ 1.20GHz (fam: 06, model: 7e, stepping: 05)
Apr 30 19:00:23 gvnkansiblesrv kernel: Performance Events: generic architected perfmon v1, core PMU driver.
Apr 30 19:00:23 gvnkansiblesrv kernel: core: CPUID marked event: 'cpu cycles' unavailable
Apr 30 19:00:23 gvnkansiblesrv kernel: core: CPUID marked event: 'instructions' unavailable
Apr 30 19:00:23 gvnkansiblesrv kernel: core: CPUID marked event: 'bus cycles' unavailable
Apr 30 19:00:23 gvnkansiblesrv kernel: core: CPUID marked event: 'cache references' unavailable
Apr 30 19:00:23 gvnkansiblesrv kernel: core: CPUID marked event: 'cache misses' unavailable
Apr 30 19:00:23 gvnkansiblesrv kernel: core: CPUID marked event: 'branch instructions' unavailable
Apr 30 19:00:23 gvnkansiblesrv kernel: core: CPUID marked event: 'branch misses' unavailable
Apr 30 19:00:23 gvnkansiblesrv kernel: ... version:                1
Apr 30 19:00:23 gvnkansiblesrv kernel: ... bit width:              48
Apr 30 19:00:23 gvnkansiblesrv kernel: ... generic registers:      8
Apr 30 19:00:23 gvnkansiblesrv kernel: ... value mask:             0000ffffffffffff
Apr 30 19:00:23 gvnkansiblesrv kernel: ... max period:             000000007fffffff
Apr 30 19:00:23 gvnkansiblesrv kernel: ... fixed-purpose events:   0
Apr 30 19:00:23 gvnkansiblesrv kernel: ... event mask:             00000000000000ff
Apr 30 19:00:23 gvnkansiblesrv kernel: NMI watchdog: disabled (cpu0): hardware events not enabled
Apr 30 19:00:23 gvnkansiblesrv kernel: NMI watchdog: Shutting down hard lockup detector on all cpus
Apr 30 19:00:23 gvnkansiblesrv kernel: Brought up 1 CPUs
Apr 30 19:00:23 gvnkansiblesrv kernel: smpboot: Max logical packages: 128
Apr 30 19:00:23 gvnkansiblesrv kernel: smpboot: Total of 1 processors activated (2380.80 BogoMIPS)
Apr 30 19:00:23 gvnkansiblesrv kernel: devtmpfs: initialized
Apr 30 19:00:23 gvnkansiblesrv kernel: EVM: security.selinux
Apr 30 19:00:23 gvnkansiblesrv kernel: EVM: security.ima
Apr 30 19:00:23 gvnkansiblesrv kernel: EVM: security.capability
Apr 30 19:00:23 gvnkansiblesrv kernel: PM: Registering ACPI NVS region [mem 0x1feff000-0x1fefffff] (4096 bytes)
Apr 30 19:00:23 gvnkansiblesrv kernel: atomic64 test passed for x86-64 platform with CX8 and with SSE
Apr 30 19:00:23 gvnkansiblesrv kernel: pinctrl core: initialized pinctrl subsystem
Apr 30 19:00:23 gvnkansiblesrv kernel: RTC time: 13:30:22, date: 04/30/25
Apr 30 19:00:23 gvnkansiblesrv kernel: NET: Registered protocol family 16
Apr 30 19:00:23 gvnkansiblesrv kernel: ACPI: bus type PCI registered
Apr 30 19:00:23 gvnkansiblesrv kernel: acpiphp: ACPI Hot Plug PCI Controller Driver version: 0.5
Apr 30 19:00:23 gvnkansiblesrv kernel: PCI: MMCONFIG for domain 0000 [bus 00-7f] at [mem 0xf0000000-0xf7ffffff] (base 0xf0000000)
Apr 30 19:00:23 gvnkansiblesrv kernel: PCI: MMCONFIG at [mem 0xf0000000-0xf7ffffff] reserved in E820
Apr 30 19:00:23 gvnkansiblesrv kernel: PCI: Using configuration type 1 for base access
Apr 30 19:00:23 gvnkansiblesrv kernel: ACPI: Added _OSI(Module Device)
Apr 30 19:00:23 gvnkansiblesrv kernel: ACPI: Added _OSI(Processor Device)
Apr 30 19:00:23 gvnkansiblesrv kernel: ACPI: Added _OSI(3.0 _SCP Extensions)
Apr 30 19:00:23 gvnkansiblesrv kernel: ACPI: Added _OSI(Processor Aggregator Device)
Apr 30 19:00:23 gvnkansiblesrv kernel: [Firmware Bug]: ACPI: BIOS _OSI(Linux) query ignored
Apr 30 19:00:23 gvnkansiblesrv kernel: ACPI: Interpreter enabled
Apr 30 19:00:23 gvnkansiblesrv kernel: ACPI: (supports S0 S1 S4 S5)
Apr 30 19:00:23 gvnkansiblesrv kernel: ACPI: Using IOAPIC for interrupt routing
Apr 30 19:00:23 gvnkansiblesrv kernel: PCI: Using host bridge windows from ACPI; if necessary, use "pci=nocrs" and report a bug
Apr 30 19:00:23 gvnkansiblesrv kernel: ACPI: PCI Root Bridge [PCI0] (domain 0000 [bus 00-7f])
Apr 30 19:00:23 gvnkansiblesrv kernel: acpi PNP0A03:00: _OSC: OS supports [ExtendedConfig ASPM ClockPM Segments MSI]
Apr 30 19:00:23 gvnkansiblesrv kernel: acpi PNP0A03:00: _OSC: platform does not support [AER]
Apr 30 19:00:23 gvnkansiblesrv kernel: acpi PNP0A03:00: _OSC: OS now controls [PCIeHotplug PME PCIeCapability]
Apr 30 19:00:23 gvnkansiblesrv kernel: PCI host bridge to bus 0000:00
Apr 30 19:00:23 gvnkansiblesrv kernel: pci_bus 0000:00: root bus resource [bus 00-7f]
Apr 30 19:00:23 gvnkansiblesrv kernel: pci_bus 0000:00: root bus resource [mem 0x000a0000-0x000bffff window]
Apr 30 19:00:23 gvnkansiblesrv kernel: pci_bus 0000:00: root bus resource [mem 0x000d0000-0x000d3fff window]
Apr 30 19:00:23 gvnkansiblesrv kernel: pci_bus 0000:00: root bus resource [mem 0x000d4000-0x000d7fff window]
Apr 30 19:00:23 gvnkansiblesrv kernel: pci_bus 0000:00: root bus resource [mem 0x000d8000-0x000dbfff window]
Apr 30 19:00:23 gvnkansiblesrv kernel: pci_bus 0000:00: root bus resource [mem 0xc0000000-0xfebfffff window]
Apr 30 19:00:23 gvnkansiblesrv kernel: pci_bus 0000:00: root bus resource [io  0x0000-0x0cf7 window]
Apr 30 19:00:23 gvnkansiblesrv kernel: pci_bus 0000:00: root bus resource [io  0x0d00-0xfeff window]
Apr 30 19:00:23 gvnkansiblesrv kernel: pci 0000:00:07.1: legacy IDE quirk: reg 0x10: [io  0x01f0-0x01f7]
Apr 30 19:00:23 gvnkansiblesrv kernel: pci 0000:00:07.1: legacy IDE quirk: reg 0x14: [io  0x03f6]
Apr 30 19:00:23 gvnkansiblesrv kernel: pci 0000:00:07.1: legacy IDE quirk: reg 0x18: [io  0x0170-0x0177]
Apr 30 19:00:23 gvnkansiblesrv kernel: pci 0000:00:07.1: legacy IDE quirk: reg 0x1c: [io  0x0376]
Apr 30 19:00:23 gvnkansiblesrv kernel: pci 0000:00:07.3: quirk: [io  0x1000-0x103f] claimed by PIIX4 ACPI
Apr 30 19:00:23 gvnkansiblesrv kernel: pci 0000:00:07.3: quirk: [io  0x1040-0x104f] claimed by PIIX4 SMB
Apr 30 19:00:23 gvnkansiblesrv kernel: pci 0000:00:11.0: System wakeup disabled by ACPI
Apr 30 19:00:23 gvnkansiblesrv kernel: pci 0000:00:15.0: System wakeup disabled by ACPI
Apr 30 19:00:23 gvnkansiblesrv kernel: pci 0000:00:15.1: System wakeup disabled by ACPI
Apr 30 19:00:23 gvnkansiblesrv kernel: pci 0000:00:15.2: System wakeup disabled by ACPI
Apr 30 19:00:23 gvnkansiblesrv kernel: pci 0000:00:15.3: System wakeup disabled by ACPI
Apr 30 19:00:23 gvnkansiblesrv kernel: pci 0000:00:15.4: System wakeup disabled by ACPI
Apr 30 19:00:23 gvnkansiblesrv kernel: pci 0000:00:15.5: System wakeup disabled by ACPI
Apr 30 19:00:23 gvnkansiblesrv kernel: pci 0000:00:15.6: System wakeup disabled by ACPI
Apr 30 19:00:23 gvnkansiblesrv kernel: pci 0000:00:15.7: System wakeup disabled by ACPI
Apr 30 19:00:23 gvnkansiblesrv kernel: pci 0000:00:16.0: System wakeup disabled by ACPI
Apr 30 19:00:23 gvnkansiblesrv kernel: pci 0000:00:16.1: System wakeup disabled by ACPI
Apr 30 19:00:23 gvnkansiblesrv kernel: pci 0000:00:16.2: System wakeup disabled by ACPI
Apr 30 19:00:23 gvnkansiblesrv kernel: pci 0000:00:16.3: System wakeup disabled by ACPI
Apr 30 19:00:23 gvnkansiblesrv kernel: pci 0000:00:16.4: System wakeup disabled by ACPI
Apr 30 19:00:23 gvnkansiblesrv kernel: pci 0000:00:16.5: System wakeup disabled by ACPI
Apr 30 19:00:23 gvnkansiblesrv kernel: pci 0000:00:16.6: System wakeup disabled by ACPI
Apr 30 19:00:23 gvnkansiblesrv kernel: pci 0000:00:16.7: System wakeup disabled by ACPI
Apr 30 19:00:23 gvnkansiblesrv kernel: pci 0000:00:17.0: System wakeup disabled by ACPI
Apr 30 19:00:23 gvnkansiblesrv kernel: pci 0000:00:17.1: System wakeup disabled by ACPI
Apr 30 19:00:23 gvnkansiblesrv kernel: pci 0000:00:17.2: System wakeup disabled by ACPI
Apr 30 19:00:23 gvnkansiblesrv kernel: pci 0000:00:17.3: System wakeup disabled by ACPI
Apr 30 19:00:23 gvnkansiblesrv kernel: pci 0000:00:17.4: System wakeup disabled by ACPI
Apr 30 19:00:23 gvnkansiblesrv kernel: pci 0000:00:17.5: System wakeup disabled by ACPI
Apr 30 19:00:23 gvnkansiblesrv kernel: pci 0000:00:17.6: System wakeup disabled by ACPI
Apr 30 19:00:23 gvnkansiblesrv kernel: pci 0000:00:17.7: System wakeup disabled by ACPI
Apr 30 19:00:23 gvnkansiblesrv kernel: pci 0000:00:18.0: System wakeup disabled by ACPI
Apr 30 19:00:23 gvnkansiblesrv kernel: pci 0000:00:18.1: System wakeup disabled by ACPI
Apr 30 19:00:23 gvnkansiblesrv kernel: pci 0000:00:18.2: System wakeup disabled by ACPI
Apr 30 19:00:23 gvnkansiblesrv kernel: pci 0000:00:18.3: System wakeup disabled by ACPI
Apr 30 19:00:23 gvnkansiblesrv kernel: pci 0000:00:18.4: System wakeup disabled by ACPI
Apr 30 19:00:23 gvnkansiblesrv kernel: pci 0000:00:18.5: System wakeup disabled by ACPI
Apr 30 19:00:23 gvnkansiblesrv kernel: pci 0000:00:18.6: System wakeup disabled by ACPI
Apr 30 19:00:23 gvnkansiblesrv kernel: pci 0000:00:18.7: System wakeup disabled by ACPI
Apr 30 19:00:23 gvnkansiblesrv kernel: pci 0000:00:01.0: PCI bridge to [bus 01]
Apr 30 19:00:23 gvnkansiblesrv kernel: acpiphp: Slot [32] registered
Apr 30 19:00:23 gvnkansiblesrv kernel: acpiphp: Slot [33] registered
Apr 30 19:00:23 gvnkansiblesrv kernel: acpiphp: Slot [34] registered
Apr 30 19:00:23 gvnkansiblesrv kernel: acpiphp: Slot [35] registered
Apr 30 19:00:23 gvnkansiblesrv kernel: acpiphp: Slot [36] registered
Apr 30 19:00:23 gvnkansiblesrv kernel: acpiphp: Slot [37] registered
Apr 30 19:00:23 gvnkansiblesrv kernel: acpiphp: Slot [38] registered
Apr 30 19:00:23 gvnkansiblesrv kernel: acpiphp: Slot [39] registered
Apr 30 19:00:23 gvnkansiblesrv kernel: acpiphp: Slot [40] registered
Apr 30 19:00:23 gvnkansiblesrv kernel: acpiphp: Slot [41] registered
Apr 30 19:00:23 gvnkansiblesrv kernel: acpiphp: Slot [42] registered
Apr 30 19:00:23 gvnkansiblesrv kernel: acpiphp: Slot [43] registered
Apr 30 19:00:23 gvnkansiblesrv kernel: acpiphp: Slot [44] registered
Apr 30 19:00:23 gvnkansiblesrv kernel: acpiphp: Slot [45] registered
Apr 30 19:00:23 gvnkansiblesrv kernel: acpiphp: Slot [46] registered
Apr 30 19:00:23 gvnkansiblesrv kernel: acpiphp: Slot [47] registered
Apr 30 19:00:23 gvnkansiblesrv kernel: acpiphp: Slot [48] registered
Apr 30 19:00:23 gvnkansiblesrv kernel: acpiphp: Slot [49] registered
Apr 30 19:00:23 gvnkansiblesrv kernel: acpiphp: Slot [50] registered
Apr 30 19:00:23 gvnkansiblesrv kernel: acpiphp: Slot [51] registered
Apr 30 19:00:23 gvnkansiblesrv kernel: acpiphp: Slot [52] registered
Apr 30 19:00:23 gvnkansiblesrv kernel: acpiphp: Slot [53] registered
Apr 30 19:00:23 gvnkansiblesrv kernel: acpiphp: Slot [54] registered
Apr 30 19:00:23 gvnkansiblesrv kernel: acpiphp: Slot [55] registered
Apr 30 19:00:23 gvnkansiblesrv kernel: acpiphp: Slot [56] registered
Apr 30 19:00:23 gvnkansiblesrv kernel: acpiphp: Slot [57] registered
Apr 30 19:00:23 gvnkansiblesrv kernel: acpiphp: Slot [58] registered
Apr 30 19:00:23 gvnkansiblesrv kernel: acpiphp: Slot [59] registered
Apr 30 19:00:23 gvnkansiblesrv kernel: acpiphp: Slot [60] registered
Apr 30 19:00:23 gvnkansiblesrv kernel: acpiphp: Slot [61] registered
Apr 30 19:00:23 gvnkansiblesrv kernel: acpiphp: Slot [62] registered
Apr 30 19:00:23 gvnkansiblesrv kernel: acpiphp: Slot [63] registered
Apr 30 19:00:23 gvnkansiblesrv kernel: pci 0000:02:00.0: System wakeup disabled by ACPI
Apr 30 19:00:23 gvnkansiblesrv kernel: pci 0000:02:01.0: System wakeup disabled by ACPI
Apr 30 19:00:23 gvnkansiblesrv kernel: pci 0000:02:02.0: System wakeup disabled by ACPI
Apr 30 19:00:23 gvnkansiblesrv kernel: pci 0000:02:03.0: System wakeup disabled by ACPI
Apr 30 19:00:23 gvnkansiblesrv kernel: pci 0000:02:05.0: System wakeup disabled by ACPI
Apr 30 19:00:23 gvnkansiblesrv kernel: pci 0000:02:06.0: System wakeup disabled by ACPI
Apr 30 19:00:23 gvnkansiblesrv kernel: pci 0000:02:07.0: System wakeup disabled by ACPI
Apr 30 19:00:23 gvnkansiblesrv kernel: pci 0000:00:11.0: PCI bridge to [bus 02] (subtractive decode)
Apr 30 19:00:23 gvnkansiblesrv kernel: pci 0000:00:15.0: PCI bridge to [bus 03]
Apr 30 19:00:23 gvnkansiblesrv kernel: pci 0000:00:15.1: PCI bridge to [bus 04]
Apr 30 19:00:23 gvnkansiblesrv kernel: pci 0000:00:15.2: PCI bridge to [bus 05]
Apr 30 19:00:23 gvnkansiblesrv kernel: pci 0000:00:15.3: PCI bridge to [bus 06]
Apr 30 19:00:23 gvnkansiblesrv kernel: pci 0000:00:15.4: PCI bridge to [bus 07]
Apr 30 19:00:23 gvnkansiblesrv kernel: pci 0000:00:15.5: PCI bridge to [bus 08]
Apr 30 19:00:23 gvnkansiblesrv kernel: pci 0000:00:15.6: PCI bridge to [bus 09]
Apr 30 19:00:23 gvnkansiblesrv kernel: pci 0000:00:15.7: PCI bridge to [bus 0a]
Apr 30 19:00:23 gvnkansiblesrv kernel: pci 0000:00:16.0: PCI bridge to [bus 0b]
Apr 30 19:00:23 gvnkansiblesrv kernel: pci 0000:00:16.1: PCI bridge to [bus 0c]
Apr 30 19:00:23 gvnkansiblesrv kernel: pci 0000:00:16.2: PCI bridge to [bus 0d]
Apr 30 19:00:23 gvnkansiblesrv kernel: pci 0000:00:16.3: PCI bridge to [bus 0e]
Apr 30 19:00:23 gvnkansiblesrv kernel: pci 0000:00:16.4: PCI bridge to [bus 0f]
Apr 30 19:00:23 gvnkansiblesrv kernel: pci 0000:00:16.5: PCI bridge to [bus 10]
Apr 30 19:00:23 gvnkansiblesrv kernel: pci 0000:00:16.6: PCI bridge to [bus 11]
Apr 30 19:00:23 gvnkansiblesrv kernel: pci 0000:00:16.7: PCI bridge to [bus 12]
Apr 30 19:00:23 gvnkansiblesrv kernel: pci 0000:00:17.0: PCI bridge to [bus 13]
Apr 30 19:00:23 gvnkansiblesrv kernel: pci 0000:00:17.1: PCI bridge to [bus 14]
Apr 30 19:00:23 gvnkansiblesrv kernel: pci 0000:00:17.2: PCI bridge to [bus 15]
Apr 30 19:00:23 gvnkansiblesrv kernel: pci 0000:00:17.3: PCI bridge to [bus 16]
Apr 30 19:00:23 gvnkansiblesrv kernel: pci 0000:00:17.4: PCI bridge to [bus 17]
Apr 30 19:00:23 gvnkansiblesrv kernel: pci 0000:00:17.5: PCI bridge to [bus 18]
Apr 30 19:00:23 gvnkansiblesrv kernel: pci 0000:00:17.6: PCI bridge to [bus 19]
Apr 30 19:00:23 gvnkansiblesrv kernel: pci 0000:00:17.7: PCI bridge to [bus 1a]
Apr 30 19:00:23 gvnkansiblesrv kernel: pci 0000:00:18.0: PCI bridge to [bus 1b]
Apr 30 19:00:23 gvnkansiblesrv kernel: pci 0000:00:18.1: PCI bridge to [bus 1c]
Apr 30 19:00:23 gvnkansiblesrv kernel: pci 0000:00:18.2: PCI bridge to [bus 1d]
Apr 30 19:00:23 gvnkansiblesrv kernel: pci 0000:00:18.3: PCI bridge to [bus 1e]
Apr 30 19:00:23 gvnkansiblesrv kernel: pci 0000:00:18.4: PCI bridge to [bus 1f]
Apr 30 19:00:23 gvnkansiblesrv kernel: pci 0000:00:18.5: PCI bridge to [bus 20]
Apr 30 19:00:23 gvnkansiblesrv kernel: pci 0000:00:18.6: PCI bridge to [bus 21]
Apr 30 19:00:23 gvnkansiblesrv kernel: pci 0000:00:18.7: PCI bridge to [bus 22]
Apr 30 19:00:23 gvnkansiblesrv kernel: ACPI: PCI Interrupt Link [LNKA] (IRQs 3 4 5 6 7 *9 10 11 14 15)
Apr 30 19:00:23 gvnkansiblesrv kernel: ACPI: PCI Interrupt Link [LNKB] (IRQs 3 4 5 6 7 9 10 *11 14 15)
Apr 30 19:00:23 gvnkansiblesrv kernel: ACPI: PCI Interrupt Link [LNKC] (IRQs 3 4 5 6 7 9 *10 11 14 15)
Apr 30 19:00:23 gvnkansiblesrv kernel: ACPI: PCI Interrupt Link [LNKD] (IRQs 3 4 5 6 *7 9 10 11 14 15)
Apr 30 19:00:23 gvnkansiblesrv kernel: ACPI: Enabled 2 GPEs in block 00 to 0F
Apr 30 19:00:23 gvnkansiblesrv kernel: vgaarb: device added: PCI:0000:00:0f.0,decodes=io+mem,owns=io+mem,locks=none
Apr 30 19:00:23 gvnkansiblesrv kernel: vgaarb: loaded
Apr 30 19:00:23 gvnkansiblesrv kernel: vgaarb: bridge control possible 0000:00:0f.0
Apr 30 19:00:23 gvnkansiblesrv kernel: SCSI subsystem initialized
Apr 30 19:00:23 gvnkansiblesrv kernel: ACPI: bus type USB registered
Apr 30 19:00:23 gvnkansiblesrv kernel: usbcore: registered new interface driver usbfs
Apr 30 19:00:23 gvnkansiblesrv kernel: usbcore: registered new interface driver hub
Apr 30 19:00:23 gvnkansiblesrv kernel: usbcore: registered new device driver usb
Apr 30 19:00:23 gvnkansiblesrv kernel: PCI: Using ACPI for IRQ routing
Apr 30 19:00:23 gvnkansiblesrv kernel: NetLabel: Initializing
Apr 30 19:00:23 gvnkansiblesrv kernel: NetLabel:  domain hash size = 128
Apr 30 19:00:23 gvnkansiblesrv kernel: NetLabel:  protocols = UNLABELED CIPSOv4
Apr 30 19:00:23 gvnkansiblesrv kernel: NetLabel:  unlabeled traffic allowed by default
Apr 30 19:00:23 gvnkansiblesrv kernel: hpet0: at MMIO 0xfed00000, IRQs 2, 8, 0, 0, 0, 0, 0, 0, 0, 0, 0, 0, 0, 0, 0, 0
Apr 30 19:00:23 gvnkansiblesrv kernel: hpet0: 16 comparators, 64-bit 14.318180 MHz counter
Apr 30 19:00:23 gvnkansiblesrv kernel: amd_nb: Cannot enumerate AMD northbridges
Apr 30 19:00:23 gvnkansiblesrv kernel: Switched to clocksource hpet
Apr 30 19:00:23 gvnkansiblesrv kernel: pnp: PnP ACPI init
Apr 30 19:00:23 gvnkansiblesrv kernel: ACPI: bus type PNP registered
Apr 30 19:00:23 gvnkansiblesrv kernel: system 00:00: [io  0x1000-0x103f] could not be reserved
Apr 30 19:00:23 gvnkansiblesrv kernel: system 00:00: [io  0x1040-0x104f] has been reserved
Apr 30 19:00:23 gvnkansiblesrv kernel: system 00:00: [io  0x0cf0-0x0cf1] has been reserved
Apr 30 19:00:23 gvnkansiblesrv kernel: system 00:04: [mem 0xfed00000-0xfed003ff] has been reserved
Apr 30 19:00:23 gvnkansiblesrv kernel: system 00:06: [io  0xfce0-0xfcff] has been reserved
Apr 30 19:00:23 gvnkansiblesrv kernel: system 00:06: [mem 0xf0000000-0xf7ffffff] has been reserved
Apr 30 19:00:23 gvnkansiblesrv kernel: system 00:06: [mem 0xfe800000-0xfe9fffff] has been reserved
Apr 30 19:00:23 gvnkansiblesrv kernel: pnp: PnP ACPI: found 7 devices
Apr 30 19:00:23 gvnkansiblesrv kernel: ACPI: bus type PNP unregistered
Apr 30 19:00:23 gvnkansiblesrv kernel: pci 0000:00:0f.0: BAR 6: assigned [mem 0xc0000000-0xc0007fff pref]
Apr 30 19:00:23 gvnkansiblesrv kernel: pci 0000:00:10.0: BAR 6: assigned [mem 0xc0008000-0xc000bfff pref]
Apr 30 19:00:23 gvnkansiblesrv kernel: pci 0000:00:15.3: BAR 13: no space for [io  size 0x1000]
Apr 30 19:00:23 gvnkansiblesrv kernel: pci 0000:00:15.3: BAR 13: failed to assign [io  size 0x1000]
Apr 30 19:00:23 gvnkansiblesrv kernel: pci 0000:00:15.4: BAR 13: no space for [io  size 0x1000]
Apr 30 19:00:23 gvnkansiblesrv kernel: pci 0000:00:15.4: BAR 13: failed to assign [io  size 0x1000]
Apr 30 19:00:23 gvnkansiblesrv kernel: pci 0000:00:15.5: BAR 13: no space for [io  size 0x1000]
Apr 30 19:00:23 gvnkansiblesrv kernel: pci 0000:00:15.5: BAR 13: failed to assign [io  size 0x1000]
Apr 30 19:00:23 gvnkansiblesrv kernel: pci 0000:00:15.6: BAR 13: no space for [io  size 0x1000]
Apr 30 19:00:23 gvnkansiblesrv kernel: pci 0000:00:15.6: BAR 13: failed to assign [io  size 0x1000]
Apr 30 19:00:23 gvnkansiblesrv kernel: pci 0000:00:15.7: BAR 13: no space for [io  size 0x1000]
Apr 30 19:00:23 gvnkansiblesrv kernel: pci 0000:00:15.7: BAR 13: failed to assign [io  size 0x1000]
Apr 30 19:00:23 gvnkansiblesrv kernel: pci 0000:00:16.3: BAR 13: no space for [io  size 0x1000]
Apr 30 19:00:23 gvnkansiblesrv kernel: pci 0000:00:16.3: BAR 13: failed to assign [io  size 0x1000]
Apr 30 19:00:23 gvnkansiblesrv kernel: pci 0000:00:16.4: BAR 13: no space for [io  size 0x1000]
Apr 30 19:00:23 gvnkansiblesrv kernel: pci 0000:00:16.4: BAR 13: failed to assign [io  size 0x1000]
Apr 30 19:00:23 gvnkansiblesrv kernel: pci 0000:00:16.5: BAR 13: no space for [io  size 0x1000]
Apr 30 19:00:23 gvnkansiblesrv kernel: pci 0000:00:16.5: BAR 13: failed to assign [io  size 0x1000]
Apr 30 19:00:23 gvnkansiblesrv kernel: pci 0000:00:16.6: BAR 13: no space for [io  size 0x1000]
Apr 30 19:00:23 gvnkansiblesrv kernel: pci 0000:00:16.6: BAR 13: failed to assign [io  size 0x1000]
Apr 30 19:00:23 gvnkansiblesrv kernel: pci 0000:00:16.7: BAR 13: no space for [io  size 0x1000]
Apr 30 19:00:23 gvnkansiblesrv kernel: pci 0000:00:16.7: BAR 13: failed to assign [io  size 0x1000]
Apr 30 19:00:23 gvnkansiblesrv kernel: pci 0000:00:17.3: BAR 13: no space for [io  size 0x1000]
Apr 30 19:00:23 gvnkansiblesrv kernel: pci 0000:00:17.3: BAR 13: failed to assign [io  size 0x1000]
Apr 30 19:00:23 gvnkansiblesrv kernel: pci 0000:00:17.4: BAR 13: no space for [io  size 0x1000]
Apr 30 19:00:23 gvnkansiblesrv kernel: pci 0000:00:17.4: BAR 13: failed to assign [io  size 0x1000]
Apr 30 19:00:23 gvnkansiblesrv kernel: pci 0000:00:17.5: BAR 13: no space for [io  size 0x1000]
Apr 30 19:00:23 gvnkansiblesrv kernel: pci 0000:00:17.5: BAR 13: failed to assign [io  size 0x1000]
Apr 30 19:00:23 gvnkansiblesrv kernel: pci 0000:00:17.6: BAR 13: no space for [io  size 0x1000]
Apr 30 19:00:23 gvnkansiblesrv kernel: pci 0000:00:17.6: BAR 13: failed to assign [io  size 0x1000]
Apr 30 19:00:23 gvnkansiblesrv kernel: pci 0000:00:17.7: BAR 13: no space for [io  size 0x1000]
Apr 30 19:00:23 gvnkansiblesrv kernel: pci 0000:00:17.7: BAR 13: failed to assign [io  size 0x1000]
Apr 30 19:00:23 gvnkansiblesrv kernel: pci 0000:00:18.2: BAR 13: no space for [io  size 0x1000]
Apr 30 19:00:23 gvnkansiblesrv kernel: pci 0000:00:18.2: BAR 13: failed to assign [io  size 0x1000]
Apr 30 19:00:23 gvnkansiblesrv kernel: pci 0000:00:18.3: BAR 13: no space for [io  size 0x1000]
Apr 30 19:00:23 gvnkansiblesrv kernel: pci 0000:00:18.3: BAR 13: failed to assign [io  size 0x1000]
Apr 30 19:00:23 gvnkansiblesrv kernel: pci 0000:00:18.4: BAR 13: no space for [io  size 0x1000]
Apr 30 19:00:23 gvnkansiblesrv kernel: pci 0000:00:18.4: BAR 13: failed to assign [io  size 0x1000]
Apr 30 19:00:23 gvnkansiblesrv kernel: pci 0000:00:18.5: BAR 13: no space for [io  size 0x1000]
Apr 30 19:00:23 gvnkansiblesrv kernel: pci 0000:00:18.5: BAR 13: failed to assign [io  size 0x1000]
Apr 30 19:00:23 gvnkansiblesrv kernel: pci 0000:00:18.6: BAR 13: no space for [io  size 0x1000]
Apr 30 19:00:23 gvnkansiblesrv kernel: pci 0000:00:18.6: BAR 13: failed to assign [io  size 0x1000]
Apr 30 19:00:23 gvnkansiblesrv kernel: pci 0000:00:18.7: BAR 13: no space for [io  size 0x1000]
Apr 30 19:00:23 gvnkansiblesrv kernel: pci 0000:00:18.7: BAR 13: failed to assign [io  size 0x1000]
Apr 30 19:00:23 gvnkansiblesrv kernel: pci 0000:00:18.7: BAR 13: no space for [io  size 0x1000]
Apr 30 19:00:23 gvnkansiblesrv kernel: pci 0000:00:18.7: BAR 13: failed to assign [io  size 0x1000]
Apr 30 19:00:23 gvnkansiblesrv kernel: pci 0000:00:18.6: BAR 13: no space for [io  size 0x1000]
Apr 30 19:00:23 gvnkansiblesrv kernel: pci 0000:00:18.6: BAR 13: failed to assign [io  size 0x1000]
Apr 30 19:00:23 gvnkansiblesrv kernel: pci 0000:00:18.5: BAR 13: no space for [io  size 0x1000]
Apr 30 19:00:23 gvnkansiblesrv kernel: pci 0000:00:18.5: BAR 13: failed to assign [io  size 0x1000]
Apr 30 19:00:23 gvnkansiblesrv kernel: pci 0000:00:18.4: BAR 13: no space for [io  size 0x1000]
Apr 30 19:00:23 gvnkansiblesrv kernel: pci 0000:00:18.4: BAR 13: failed to assign [io  size 0x1000]
Apr 30 19:00:23 gvnkansiblesrv kernel: pci 0000:00:18.3: BAR 13: no space for [io  size 0x1000]
Apr 30 19:00:23 gvnkansiblesrv kernel: pci 0000:00:18.3: BAR 13: failed to assign [io  size 0x1000]
Apr 30 19:00:23 gvnkansiblesrv kernel: pci 0000:00:18.2: BAR 13: no space for [io  size 0x1000]
Apr 30 19:00:23 gvnkansiblesrv kernel: pci 0000:00:18.2: BAR 13: failed to assign [io  size 0x1000]
Apr 30 19:00:23 gvnkansiblesrv kernel: pci 0000:00:17.7: BAR 13: no space for [io  size 0x1000]
Apr 30 19:00:23 gvnkansiblesrv kernel: pci 0000:00:17.7: BAR 13: failed to assign [io  size 0x1000]
Apr 30 19:00:23 gvnkansiblesrv kernel: pci 0000:00:17.6: BAR 13: no space for [io  size 0x1000]
Apr 30 19:00:23 gvnkansiblesrv kernel: pci 0000:00:17.6: BAR 13: failed to assign [io  size 0x1000]
Apr 30 19:00:23 gvnkansiblesrv kernel: pci 0000:00:17.5: BAR 13: no space for [io  size 0x1000]
Apr 30 19:00:23 gvnkansiblesrv kernel: pci 0000:00:17.5: BAR 13: failed to assign [io  size 0x1000]
Apr 30 19:00:23 gvnkansiblesrv kernel: pci 0000:00:17.4: BAR 13: no space for [io  size 0x1000]
Apr 30 19:00:23 gvnkansiblesrv kernel: pci 0000:00:17.4: BAR 13: failed to assign [io  size 0x1000]
Apr 30 19:00:23 gvnkansiblesrv kernel: pci 0000:00:17.3: BAR 13: no space for [io  size 0x1000]
Apr 30 19:00:23 gvnkansiblesrv kernel: pci 0000:00:17.3: BAR 13: failed to assign [io  size 0x1000]
Apr 30 19:00:23 gvnkansiblesrv kernel: pci 0000:00:16.7: BAR 13: no space for [io  size 0x1000]
Apr 30 19:00:23 gvnkansiblesrv kernel: pci 0000:00:16.7: BAR 13: failed to assign [io  size 0x1000]
Apr 30 19:00:23 gvnkansiblesrv kernel: pci 0000:00:16.6: BAR 13: no space for [io  size 0x1000]
Apr 30 19:00:23 gvnkansiblesrv kernel: pci 0000:00:16.6: BAR 13: failed to assign [io  size 0x1000]
Apr 30 19:00:23 gvnkansiblesrv kernel: pci 0000:00:16.5: BAR 13: no space for [io  size 0x1000]
Apr 30 19:00:23 gvnkansiblesrv kernel: pci 0000:00:16.5: BAR 13: failed to assign [io  size 0x1000]
Apr 30 19:00:23 gvnkansiblesrv kernel: pci 0000:00:16.4: BAR 13: no space for [io  size 0x1000]
Apr 30 19:00:23 gvnkansiblesrv kernel: pci 0000:00:16.4: BAR 13: failed to assign [io  size 0x1000]
Apr 30 19:00:23 gvnkansiblesrv kernel: pci 0000:00:16.3: BAR 13: no space for [io  size 0x1000]
Apr 30 19:00:23 gvnkansiblesrv kernel: pci 0000:00:16.3: BAR 13: failed to assign [io  size 0x1000]
Apr 30 19:00:23 gvnkansiblesrv kernel: pci 0000:00:15.7: BAR 13: no space for [io  size 0x1000]
Apr 30 19:00:23 gvnkansiblesrv kernel: pci 0000:00:15.7: BAR 13: failed to assign [io  size 0x1000]
Apr 30 19:00:23 gvnkansiblesrv kernel: pci 0000:00:15.6: BAR 13: no space for [io  size 0x1000]
Apr 30 19:00:23 gvnkansiblesrv kernel: pci 0000:00:15.6: BAR 13: failed to assign [io  size 0x1000]
Apr 30 19:00:23 gvnkansiblesrv kernel: pci 0000:00:15.5: BAR 13: no space for [io  size 0x1000]
Apr 30 19:00:23 gvnkansiblesrv kernel: pci 0000:00:15.5: BAR 13: failed to assign [io  size 0x1000]
Apr 30 19:00:23 gvnkansiblesrv kernel: pci 0000:00:15.4: BAR 13: no space for [io  size 0x1000]
Apr 30 19:00:23 gvnkansiblesrv kernel: pci 0000:00:15.4: BAR 13: failed to assign [io  size 0x1000]
Apr 30 19:00:23 gvnkansiblesrv kernel: pci 0000:00:15.3: BAR 13: no space for [io  size 0x1000]
Apr 30 19:00:23 gvnkansiblesrv kernel: pci 0000:00:15.3: BAR 13: failed to assign [io  size 0x1000]
Apr 30 19:00:23 gvnkansiblesrv kernel: pci 0000:00:01.0: PCI bridge to [bus 01]
Apr 30 19:00:23 gvnkansiblesrv kernel: pci 0000:02:01.0: BAR 6: assigned [mem 0xfd500000-0xfd50ffff pref]
Apr 30 19:00:23 gvnkansiblesrv kernel: pci 0000:02:05.0: BAR 6: assigned [mem 0xfd510000-0xfd51ffff pref]
Apr 30 19:00:23 gvnkansiblesrv kernel: pci 0000:02:06.0: BAR 6: assigned [mem 0xfd520000-0xfd52ffff pref]
Apr 30 19:00:23 gvnkansiblesrv kernel: pci 0000:02:07.0: BAR 6: assigned [mem 0xfd530000-0xfd53ffff pref]
Apr 30 19:00:23 gvnkansiblesrv kernel: pci 0000:00:11.0: PCI bridge to [bus 02]
Apr 30 19:00:23 gvnkansiblesrv kernel: pci 0000:00:11.0:   bridge window [io  0x2000-0x3fff]
Apr 30 19:00:23 gvnkansiblesrv kernel: pci 0000:00:11.0:   bridge window [mem 0xfd500000-0xfdffffff]
Apr 30 19:00:23 gvnkansiblesrv kernel: pci 0000:00:11.0:   bridge window [mem 0xe7b00000-0xe7ffffff 64bit pref]
Apr 30 19:00:23 gvnkansiblesrv kernel: pci 0000:00:15.0: PCI bridge to [bus 03]
Apr 30 19:00:23 gvnkansiblesrv kernel: pci 0000:00:15.0:   bridge window [io  0x4000-0x4fff]
Apr 30 19:00:23 gvnkansiblesrv kernel: pci 0000:00:15.0:   bridge window [mem 0xfd400000-0xfd4fffff]
Apr 30 19:00:23 gvnkansiblesrv kernel: pci 0000:00:15.0:   bridge window [mem 0xe7a00000-0xe7afffff 64bit pref]
Apr 30 19:00:23 gvnkansiblesrv kernel: pci 0000:00:15.1: PCI bridge to [bus 04]
Apr 30 19:00:23 gvnkansiblesrv kernel: pci 0000:00:15.1:   bridge window [io  0x8000-0x8fff]
Apr 30 19:00:23 gvnkansiblesrv kernel: pci 0000:00:15.1:   bridge window [mem 0xfd000000-0xfd0fffff]
Apr 30 19:00:23 gvnkansiblesrv kernel: pci 0000:00:15.1:   bridge window [mem 0xe7600000-0xe76fffff 64bit pref]
Apr 30 19:00:23 gvnkansiblesrv kernel: pci 0000:00:15.2: PCI bridge to [bus 05]
Apr 30 19:00:23 gvnkansiblesrv kernel: pci 0000:00:15.2:   bridge window [io  0xc000-0xcfff]
Apr 30 19:00:23 gvnkansiblesrv kernel: pci 0000:00:15.2:   bridge window [mem 0xfcc00000-0xfccfffff]
Apr 30 19:00:23 gvnkansiblesrv kernel: pci 0000:00:15.2:   bridge window [mem 0xe7200000-0xe72fffff 64bit pref]
Apr 30 19:00:23 gvnkansiblesrv kernel: pci 0000:00:15.3: PCI bridge to [bus 06]
Apr 30 19:00:23 gvnkansiblesrv kernel: pci 0000:00:15.3:   bridge window [mem 0xfc800000-0xfc8fffff]
Apr 30 19:00:23 gvnkansiblesrv kernel: pci 0000:00:15.3:   bridge window [mem 0xe6e00000-0xe6efffff 64bit pref]
Apr 30 19:00:23 gvnkansiblesrv kernel: pci 0000:00:15.4: PCI bridge to [bus 07]
Apr 30 19:00:23 gvnkansiblesrv kernel: pci 0000:00:15.4:   bridge window [mem 0xfc400000-0xfc4fffff]
Apr 30 19:00:23 gvnkansiblesrv kernel: pci 0000:00:15.4:   bridge window [mem 0xe6a00000-0xe6afffff 64bit pref]
Apr 30 19:00:23 gvnkansiblesrv kernel: pci 0000:00:15.5: PCI bridge to [bus 08]
Apr 30 19:00:23 gvnkansiblesrv kernel: pci 0000:00:15.5:   bridge window [mem 0xfc000000-0xfc0fffff]
Apr 30 19:00:23 gvnkansiblesrv kernel: pci 0000:00:15.5:   bridge window [mem 0xe6600000-0xe66fffff 64bit pref]
Apr 30 19:00:23 gvnkansiblesrv kernel: pci 0000:00:15.6: PCI bridge to [bus 09]
Apr 30 19:00:23 gvnkansiblesrv kernel: pci 0000:00:15.6:   bridge window [mem 0xfbc00000-0xfbcfffff]
Apr 30 19:00:23 gvnkansiblesrv kernel: pci 0000:00:15.6:   bridge window [mem 0xe6200000-0xe62fffff 64bit pref]
Apr 30 19:00:23 gvnkansiblesrv kernel: pci 0000:00:15.7: PCI bridge to [bus 0a]
Apr 30 19:00:23 gvnkansiblesrv kernel: pci 0000:00:15.7:   bridge window [mem 0xfb800000-0xfb8fffff]
Apr 30 19:00:23 gvnkansiblesrv kernel: pci 0000:00:15.7:   bridge window [mem 0xe5e00000-0xe5efffff 64bit pref]
Apr 30 19:00:23 gvnkansiblesrv kernel: pci 0000:00:16.0: PCI bridge to [bus 0b]
Apr 30 19:00:23 gvnkansiblesrv kernel: pci 0000:00:16.0:   bridge window [io  0x5000-0x5fff]
Apr 30 19:00:23 gvnkansiblesrv kernel: pci 0000:00:16.0:   bridge window [mem 0xfd300000-0xfd3fffff]
Apr 30 19:00:23 gvnkansiblesrv kernel: pci 0000:00:16.0:   bridge window [mem 0xe7900000-0xe79fffff 64bit pref]
Apr 30 19:00:23 gvnkansiblesrv kernel: pci 0000:00:16.1: PCI bridge to [bus 0c]
Apr 30 19:00:23 gvnkansiblesrv kernel: pci 0000:00:16.1:   bridge window [io  0x9000-0x9fff]
Apr 30 19:00:23 gvnkansiblesrv kernel: pci 0000:00:16.1:   bridge window [mem 0xfcf00000-0xfcffffff]
Apr 30 19:00:23 gvnkansiblesrv kernel: pci 0000:00:16.1:   bridge window [mem 0xe7500000-0xe75fffff 64bit pref]
Apr 30 19:00:23 gvnkansiblesrv kernel: pci 0000:00:16.2: PCI bridge to [bus 0d]
Apr 30 19:00:23 gvnkansiblesrv kernel: pci 0000:00:16.2:   bridge window [io  0xd000-0xdfff]
Apr 30 19:00:23 gvnkansiblesrv kernel: pci 0000:00:16.2:   bridge window [mem 0xfcb00000-0xfcbfffff]
Apr 30 19:00:23 gvnkansiblesrv kernel: pci 0000:00:16.2:   bridge window [mem 0xe7100000-0xe71fffff 64bit pref]
Apr 30 19:00:23 gvnkansiblesrv kernel: pci 0000:00:16.3: PCI bridge to [bus 0e]
Apr 30 19:00:23 gvnkansiblesrv kernel: pci 0000:00:16.3:   bridge window [mem 0xfc700000-0xfc7fffff]
Apr 30 19:00:23 gvnkansiblesrv kernel: pci 0000:00:16.3:   bridge window [mem 0xe6d00000-0xe6dfffff 64bit pref]
Apr 30 19:00:23 gvnkansiblesrv kernel: pci 0000:00:16.4: PCI bridge to [bus 0f]
Apr 30 19:00:23 gvnkansiblesrv kernel: pci 0000:00:16.4:   bridge window [mem 0xfc300000-0xfc3fffff]
Apr 30 19:00:23 gvnkansiblesrv kernel: pci 0000:00:16.4:   bridge window [mem 0xe6900000-0xe69fffff 64bit pref]
Apr 30 19:00:23 gvnkansiblesrv kernel: pci 0000:00:16.5: PCI bridge to [bus 10]
Apr 30 19:00:23 gvnkansiblesrv kernel: pci 0000:00:16.5:   bridge window [mem 0xfbf00000-0xfbffffff]
Apr 30 19:00:23 gvnkansiblesrv kernel: pci 0000:00:16.5:   bridge window [mem 0xe6500000-0xe65fffff 64bit pref]
Apr 30 19:00:23 gvnkansiblesrv kernel: pci 0000:00:16.6: PCI bridge to [bus 11]
Apr 30 19:00:23 gvnkansiblesrv kernel: pci 0000:00:16.6:   bridge window [mem 0xfbb00000-0xfbbfffff]
Apr 30 19:00:23 gvnkansiblesrv kernel: pci 0000:00:16.6:   bridge window [mem 0xe6100000-0xe61fffff 64bit pref]
Apr 30 19:00:23 gvnkansiblesrv kernel: pci 0000:00:16.7: PCI bridge to [bus 12]
Apr 30 19:00:23 gvnkansiblesrv kernel: pci 0000:00:16.7:   bridge window [mem 0xfb700000-0xfb7fffff]
Apr 30 19:00:23 gvnkansiblesrv kernel: pci 0000:00:16.7:   bridge window [mem 0xe5d00000-0xe5dfffff 64bit pref]
Apr 30 19:00:23 gvnkansiblesrv kernel: pci 0000:00:17.0: PCI bridge to [bus 13]
Apr 30 19:00:23 gvnkansiblesrv kernel: pci 0000:00:17.0:   bridge window [io  0x6000-0x6fff]
Apr 30 19:00:23 gvnkansiblesrv kernel: pci 0000:00:17.0:   bridge window [mem 0xfd200000-0xfd2fffff]
Apr 30 19:00:23 gvnkansiblesrv kernel: pci 0000:00:17.0:   bridge window [mem 0xe7800000-0xe78fffff 64bit pref]
Apr 30 19:00:23 gvnkansiblesrv kernel: pci 0000:00:17.1: PCI bridge to [bus 14]
Apr 30 19:00:23 gvnkansiblesrv kernel: pci 0000:00:17.1:   bridge window [io  0xa000-0xafff]
Apr 30 19:00:23 gvnkansiblesrv kernel: pci 0000:00:17.1:   bridge window [mem 0xfce00000-0xfcefffff]
Apr 30 19:00:23 gvnkansiblesrv kernel: pci 0000:00:17.1:   bridge window [mem 0xe7400000-0xe74fffff 64bit pref]
Apr 30 19:00:23 gvnkansiblesrv kernel: pci 0000:00:17.2: PCI bridge to [bus 15]
Apr 30 19:00:23 gvnkansiblesrv kernel: pci 0000:00:17.2:   bridge window [io  0xe000-0xefff]
Apr 30 19:00:23 gvnkansiblesrv kernel: pci 0000:00:17.2:   bridge window [mem 0xfca00000-0xfcafffff]
Apr 30 19:00:23 gvnkansiblesrv kernel: pci 0000:00:17.2:   bridge window [mem 0xe7000000-0xe70fffff 64bit pref]
Apr 30 19:00:23 gvnkansiblesrv kernel: pci 0000:00:17.3: PCI bridge to [bus 16]
Apr 30 19:00:23 gvnkansiblesrv kernel: pci 0000:00:17.3:   bridge window [mem 0xfc600000-0xfc6fffff]
Apr 30 19:00:23 gvnkansiblesrv kernel: pci 0000:00:17.3:   bridge window [mem 0xe6c00000-0xe6cfffff 64bit pref]
Apr 30 19:00:23 gvnkansiblesrv kernel: pci 0000:00:17.4: PCI bridge to [bus 17]
Apr 30 19:00:23 gvnkansiblesrv kernel: pci 0000:00:17.4:   bridge window [mem 0xfc200000-0xfc2fffff]
Apr 30 19:00:23 gvnkansiblesrv kernel: pci 0000:00:17.4:   bridge window [mem 0xe6800000-0xe68fffff 64bit pref]
Apr 30 19:00:23 gvnkansiblesrv kernel: pci 0000:00:17.5: PCI bridge to [bus 18]
Apr 30 19:00:23 gvnkansiblesrv kernel: pci 0000:00:17.5:   bridge window [mem 0xfbe00000-0xfbefffff]
Apr 30 19:00:23 gvnkansiblesrv kernel: pci 0000:00:17.5:   bridge window [mem 0xe6400000-0xe64fffff 64bit pref]
Apr 30 19:00:23 gvnkansiblesrv kernel: pci 0000:00:17.6: PCI bridge to [bus 19]
Apr 30 19:00:23 gvnkansiblesrv kernel: pci 0000:00:17.6:   bridge window [mem 0xfba00000-0xfbafffff]
Apr 30 19:00:23 gvnkansiblesrv kernel: pci 0000:00:17.6:   bridge window [mem 0xe6000000-0xe60fffff 64bit pref]
Apr 30 19:00:23 gvnkansiblesrv kernel: pci 0000:00:17.7: PCI bridge to [bus 1a]
Apr 30 19:00:23 gvnkansiblesrv kernel: pci 0000:00:17.7:   bridge window [mem 0xfb600000-0xfb6fffff]
Apr 30 19:00:23 gvnkansiblesrv kernel: pci 0000:00:17.7:   bridge window [mem 0xe5c00000-0xe5cfffff 64bit pref]
Apr 30 19:00:23 gvnkansiblesrv kernel: pci 0000:00:18.0: PCI bridge to [bus 1b]
Apr 30 19:00:23 gvnkansiblesrv kernel: pci 0000:00:18.0:   bridge window [io  0x7000-0x7fff]
Apr 30 19:00:23 gvnkansiblesrv kernel: pci 0000:00:18.0:   bridge window [mem 0xfd100000-0xfd1fffff]
Apr 30 19:00:23 gvnkansiblesrv kernel: pci 0000:00:18.0:   bridge window [mem 0xe7700000-0xe77fffff 64bit pref]
Apr 30 19:00:23 gvnkansiblesrv kernel: pci 0000:00:18.1: PCI bridge to [bus 1c]
Apr 30 19:00:23 gvnkansiblesrv kernel: pci 0000:00:18.1:   bridge window [io  0xb000-0xbfff]
Apr 30 19:00:23 gvnkansiblesrv kernel: pci 0000:00:18.1:   bridge window [mem 0xfcd00000-0xfcdfffff]
Apr 30 19:00:23 gvnkansiblesrv kernel: pci 0000:00:18.1:   bridge window [mem 0xe7300000-0xe73fffff 64bit pref]
Apr 30 19:00:23 gvnkansiblesrv kernel: pci 0000:00:18.2: PCI bridge to [bus 1d]
Apr 30 19:00:23 gvnkansiblesrv kernel: pci 0000:00:18.2:   bridge window [mem 0xfc900000-0xfc9fffff]
Apr 30 19:00:23 gvnkansiblesrv kernel: pci 0000:00:18.2:   bridge window [mem 0xe6f00000-0xe6ffffff 64bit pref]
Apr 30 19:00:23 gvnkansiblesrv kernel: pci 0000:00:18.3: PCI bridge to [bus 1e]
Apr 30 19:00:23 gvnkansiblesrv kernel: pci 0000:00:18.3:   bridge window [mem 0xfc500000-0xfc5fffff]
Apr 30 19:00:23 gvnkansiblesrv kernel: pci 0000:00:18.3:   bridge window [mem 0xe6b00000-0xe6bfffff 64bit pref]
Apr 30 19:00:23 gvnkansiblesrv kernel: pci 0000:00:18.4: PCI bridge to [bus 1f]
Apr 30 19:00:23 gvnkansiblesrv kernel: pci 0000:00:18.4:   bridge window [mem 0xfc100000-0xfc1fffff]
Apr 30 19:00:23 gvnkansiblesrv kernel: pci 0000:00:18.4:   bridge window [mem 0xe6700000-0xe67fffff 64bit pref]
Apr 30 19:00:23 gvnkansiblesrv kernel: pci 0000:00:18.5: PCI bridge to [bus 20]
Apr 30 19:00:23 gvnkansiblesrv kernel: pci 0000:00:18.5:   bridge window [mem 0xfbd00000-0xfbdfffff]
Apr 30 19:00:23 gvnkansiblesrv kernel: pci 0000:00:18.5:   bridge window [mem 0xe6300000-0xe63fffff 64bit pref]
Apr 30 19:00:23 gvnkansiblesrv kernel: pci 0000:00:18.6: PCI bridge to [bus 21]
Apr 30 19:00:23 gvnkansiblesrv kernel: pci 0000:00:18.6:   bridge window [mem 0xfb900000-0xfb9fffff]
Apr 30 19:00:23 gvnkansiblesrv kernel: pci 0000:00:18.6:   bridge window [mem 0xe5f00000-0xe5ffffff 64bit pref]
Apr 30 19:00:23 gvnkansiblesrv kernel: pci 0000:00:18.7: PCI bridge to [bus 22]
Apr 30 19:00:23 gvnkansiblesrv kernel: pci 0000:00:18.7:   bridge window [mem 0xfb500000-0xfb5fffff]
Apr 30 19:00:23 gvnkansiblesrv kernel: pci 0000:00:18.7:   bridge window [mem 0xe5b00000-0xe5bfffff 64bit pref]
Apr 30 19:00:23 gvnkansiblesrv kernel: NET: Registered protocol family 2
Apr 30 19:00:23 gvnkansiblesrv kernel: TCP established hash table entries: 4096 (order: 3, 32768 bytes)
Apr 30 19:00:23 gvnkansiblesrv kernel: TCP bind hash table entries: 4096 (order: 4, 65536 bytes)
Apr 30 19:00:23 gvnkansiblesrv kernel: TCP: Hash tables configured (established 4096 bind 4096)
Apr 30 19:00:23 gvnkansiblesrv kernel: TCP: reno registered
Apr 30 19:00:23 gvnkansiblesrv kernel: UDP hash table entries: 256 (order: 1, 8192 bytes)
Apr 30 19:00:23 gvnkansiblesrv kernel: UDP-Lite hash table entries: 256 (order: 1, 8192 bytes)
Apr 30 19:00:23 gvnkansiblesrv kernel: NET: Registered protocol family 1
Apr 30 19:00:23 gvnkansiblesrv kernel: pci 0000:00:00.0: Limiting direct PCI/PCI transfers
Apr 30 19:00:23 gvnkansiblesrv kernel: Unpacking initramfs...
Apr 30 19:00:23 gvnkansiblesrv kernel: Freeing initrd memory: 20376k freed
Apr 30 19:00:23 gvnkansiblesrv kernel: Simple Boot Flag at 0x36 set to 0x80
Apr 30 19:00:23 gvnkansiblesrv kernel: Switched to clocksource tsc
Apr 30 19:00:23 gvnkansiblesrv kernel: sha1_ssse3: Using AVX2 optimized SHA-1 implementation
Apr 30 19:00:23 gvnkansiblesrv kernel: sha256_ssse3: Using AVX2 optimized SHA-256 implementation
Apr 30 19:00:23 gvnkansiblesrv kernel: futex hash table entries: 32768 (order: 9, 2097152 bytes)
Apr 30 19:00:23 gvnkansiblesrv kernel: Initialise system trusted keyring
